Archive member included to satisfy reference by file (symbol)

/usr/share/gcc-arm-none-eabi-10.3-2021.10/bin/../lib/gcc/arm-none-eabi/10.3.1/../../../../arm-none-eabi/lib/thumb/v6-m/nofp/libc_nano.a(lib_a-exit.o)
                              /usr/share/gcc-arm-none-eabi-10.3-2021.10/bin/../lib/gcc/arm-none-eabi/10.3.1/../../../../arm-none-eabi/lib/thumb/v6-m/nofp/crt0.o (exit)
/usr/share/gcc-arm-none-eabi-10.3-2021.10/bin/../lib/gcc/arm-none-eabi/10.3.1/../../../../arm-none-eabi/lib/thumb/v6-m/nofp/libc_nano.a(lib_a-impure.o)
                              /usr/share/gcc-arm-none-eabi-10.3-2021.10/bin/../lib/gcc/arm-none-eabi/10.3.1/../../../../arm-none-eabi/lib/thumb/v6-m/nofp/libc_nano.a(lib_a-exit.o) (_global_impure_ptr)
/usr/share/gcc-arm-none-eabi-10.3-2021.10/bin/../lib/gcc/arm-none-eabi/10.3.1/../../../../arm-none-eabi/lib/thumb/v6-m/nofp/libc_nano.a(lib_a-init.o)
                              /usr/share/gcc-arm-none-eabi-10.3-2021.10/bin/../lib/gcc/arm-none-eabi/10.3.1/../../../../arm-none-eabi/lib/thumb/v6-m/nofp/crt0.o (__libc_init_array)
/usr/share/gcc-arm-none-eabi-10.3-2021.10/bin/../lib/gcc/arm-none-eabi/10.3.1/../../../../arm-none-eabi/lib/thumb/v6-m/nofp/libc_nano.a(lib_a-memcpy-stub.o)
                              build/main.o (memcpy)
/usr/share/gcc-arm-none-eabi-10.3-2021.10/bin/../lib/gcc/arm-none-eabi/10.3.1/../../../../arm-none-eabi/lib/thumb/v6-m/nofp/libc_nano.a(lib_a-memset.o)
                              /usr/share/gcc-arm-none-eabi-10.3-2021.10/bin/../lib/gcc/arm-none-eabi/10.3.1/../../../../arm-none-eabi/lib/thumb/v6-m/nofp/crt0.o (memset)
/usr/share/gcc-arm-none-eabi-10.3-2021.10/bin/../lib/gcc/arm-none-eabi/10.3.1/../../../../arm-none-eabi/lib/thumb/v6-m/nofp/libc_nano.a(lib_a-printf.o)
                              build/quaternion_lib.o (printf)
/usr/share/gcc-arm-none-eabi-10.3-2021.10/bin/../lib/gcc/arm-none-eabi/10.3.1/../../../../arm-none-eabi/lib/thumb/v6-m/nofp/libc_nano.a(lib_a-findfp.o)
                              /usr/share/gcc-arm-none-eabi-10.3-2021.10/bin/../lib/gcc/arm-none-eabi/10.3.1/../../../../arm-none-eabi/lib/thumb/v6-m/nofp/libc_nano.a(lib_a-printf.o) (__sinit)
/usr/share/gcc-arm-none-eabi-10.3-2021.10/bin/../lib/gcc/arm-none-eabi/10.3.1/../../../../arm-none-eabi/lib/thumb/v6-m/nofp/libc_nano.a(lib_a-fwalk.o)
                              /usr/share/gcc-arm-none-eabi-10.3-2021.10/bin/../lib/gcc/arm-none-eabi/10.3.1/../../../../arm-none-eabi/lib/thumb/v6-m/nofp/libc_nano.a(lib_a-findfp.o) (_fwalk)
/usr/share/gcc-arm-none-eabi-10.3-2021.10/bin/../lib/gcc/arm-none-eabi/10.3.1/../../../../arm-none-eabi/lib/thumb/v6-m/nofp/libc_nano.a(lib_a-lock.o)
                              /usr/share/gcc-arm-none-eabi-10.3-2021.10/bin/../lib/gcc/arm-none-eabi/10.3.1/../../../../arm-none-eabi/lib/thumb/v6-m/nofp/libc_nano.a(lib_a-findfp.o) (__retarget_lock_init_recursive)
/usr/share/gcc-arm-none-eabi-10.3-2021.10/bin/../lib/gcc/arm-none-eabi/10.3.1/../../../../arm-none-eabi/lib/thumb/v6-m/nofp/libc_nano.a(lib_a-nano-mallocr.o)
                              /usr/share/gcc-arm-none-eabi-10.3-2021.10/bin/../lib/gcc/arm-none-eabi/10.3.1/../../../../arm-none-eabi/lib/thumb/v6-m/nofp/libc_nano.a(lib_a-findfp.o) (_malloc_r)
/usr/share/gcc-arm-none-eabi-10.3-2021.10/bin/../lib/gcc/arm-none-eabi/10.3.1/../../../../arm-none-eabi/lib/thumb/v6-m/nofp/libc_nano.a(lib_a-nano-vfprintf.o)
                              /usr/share/gcc-arm-none-eabi-10.3-2021.10/bin/../lib/gcc/arm-none-eabi/10.3.1/../../../../arm-none-eabi/lib/thumb/v6-m/nofp/libc_nano.a(lib_a-printf.o) (_vfprintf_r)
/usr/share/gcc-arm-none-eabi-10.3-2021.10/bin/../lib/gcc/arm-none-eabi/10.3.1/../../../../arm-none-eabi/lib/thumb/v6-m/nofp/libc_nano.a(lib_a-nano-vfprintf_i.o)
                              /usr/share/gcc-arm-none-eabi-10.3-2021.10/bin/../lib/gcc/arm-none-eabi/10.3.1/../../../../arm-none-eabi/lib/thumb/v6-m/nofp/libc_nano.a(lib_a-nano-vfprintf.o) (_printf_i)
/usr/share/gcc-arm-none-eabi-10.3-2021.10/bin/../lib/gcc/arm-none-eabi/10.3.1/../../../../arm-none-eabi/lib/thumb/v6-m/nofp/libc_nano.a(lib_a-sbrkr.o)
                              /usr/share/gcc-arm-none-eabi-10.3-2021.10/bin/../lib/gcc/arm-none-eabi/10.3.1/../../../../arm-none-eabi/lib/thumb/v6-m/nofp/libc_nano.a(lib_a-nano-mallocr.o) (_sbrk_r)
/usr/share/gcc-arm-none-eabi-10.3-2021.10/bin/../lib/gcc/arm-none-eabi/10.3.1/../../../../arm-none-eabi/lib/thumb/v6-m/nofp/libc_nano.a(lib_a-stdio.o)
                              /usr/share/gcc-arm-none-eabi-10.3-2021.10/bin/../lib/gcc/arm-none-eabi/10.3.1/../../../../arm-none-eabi/lib/thumb/v6-m/nofp/libc_nano.a(lib_a-findfp.o) (__sread)
/usr/share/gcc-arm-none-eabi-10.3-2021.10/bin/../lib/gcc/arm-none-eabi/10.3.1/../../../../arm-none-eabi/lib/thumb/v6-m/nofp/libc_nano.a(lib_a-wbuf.o)
                              /usr/share/gcc-arm-none-eabi-10.3-2021.10/bin/../lib/gcc/arm-none-eabi/10.3.1/../../../../arm-none-eabi/lib/thumb/v6-m/nofp/libc_nano.a(lib_a-nano-vfprintf.o) (__swbuf_r)
[...]
Memory Configuration

Name             Origin             Length             Attributes
RAM              0x0000000020000000 0x0000000000002000 xrw
FLASH            0x0000000008000000 0x0000000000010000 xr
*default*        0x0000000000000000 0xffffffffffffffff

Linker script and memory map

LOAD /usr/share/gcc-arm-none-eabi-10.3-2021.10/bin/../lib/gcc/arm-none-eabi/10.3.1/thumb/v6-m/nofp/crti.o
LOAD /usr/share/gcc-arm-none-eabi-10.3-2021.10/bin/../lib/gcc/arm-none-eabi/10.3.1/thumb/v6-m/nofp/crtbegin.o
LOAD /usr/share/gcc-arm-none-eabi-10.3-2021.10/bin/../lib/gcc/arm-none-eabi/10.3.1/../../../../arm-none-eabi/lib/thumb/v6-m/nofp/crt0.o
LOAD build/main.o
LOAD build/stm32f0xx_it.o
LOAD build/stm32f0xx_hal_msp.o
LOAD build/stm32f0xx_hal_i2c.o
LOAD build/stm32f0xx_hal_i2c_ex.o
LOAD build/stm32f0xx_hal_rcc.o
LOAD build/stm32f0xx_hal_rcc_ex.o
LOAD build/stm32f0xx_hal.o
LOAD build/stm32f0xx_hal_gpio.o
LOAD build/stm32f0xx_hal_dma.o
LOAD build/stm32f0xx_hal_cortex.o
LOAD build/stm32f0xx_hal_pwr.o
LOAD build/stm32f0xx_hal_pwr_ex.o
LOAD build/stm32f0xx_hal_flash.o
LOAD build/stm32f0xx_hal_flash_ex.o
LOAD build/stm32f0xx_hal_exti.o
LOAD build/stm32f0xx_hal_tim.o
LOAD build/stm32f0xx_hal_tim_ex.o
LOAD build/system_stm32f0xx.o
LOAD build/giro_driver.o
LOAD build/servo.o
LOAD build/squeaker.o
LOAD build/quaternion_lib.o
LOAD build/stm32f0xx_ll_crc.o
LOAD build/stm32f0xx_ll_dac.o
LOAD build/stm32f0xx_ll_crs.o
LOAD build/stm32f0xx_ll_spi.o
LOAD build/stm32f0xx_ll_comp.o
LOAD build/stm32f0xx_ll_exti.o
LOAD build/stm32f0xx_ll_usb.o
LOAD build/stm32f0xx_ll_utils.o
LOAD build/stm32f0xx_ll_dma.o
LOAD build/stm32f0xx_ll_rtc.o
LOAD build/stm32f0xx_ll_pwr.o
LOAD build/stm32f0xx_ll_i2c.o
LOAD build/stm32f0xx_ll_rcc.o
LOAD build/stm32f0xx_ll_tim.o
LOAD build/stm32f0xx_ll_usart.o
LOAD build/stm32f0xx_ll_adc.o
LOAD build/stm32f0xx_ll_gpio.o
LOAD build/startup_stm32f051x8.o
LOAD /usr/share/gcc-arm-none-eabi-10.3-2021.10/bin/../lib/gcc/arm-none-eabi/10.3.1/../../../../arm-none-eabi/lib/thumb/v6-m/nofp/libc_nano.a
LOAD /usr/share/gcc-arm-none-eabi-10.3-2021.10/bin/../lib/gcc/arm-none-eabi/10.3.1/../../../../arm-none-eabi/lib/thumb/v6-m/nofp/libm.a
LOAD /usr/share/gcc-arm-none-eabi-10.3-2021.10/bin/../lib/gcc/arm-none-eabi/10.3.1/../../../../arm-none-eabi/lib/thumb/v6-m/nofp/libnosys.a
START GROUP
LOAD /usr/share/gcc-arm-none-eabi-10.3-2021.10/bin/../lib/gcc/arm-none-eabi/10.3.1/thumb/v6-m/nofp/libgcc.a
LOAD /usr/share/gcc-arm-none-eabi-10.3-2021.10/bin/../lib/gcc/arm-none-eabi/10.3.1/../../../../arm-none-eabi/lib/thumb/v6-m/nofp/libc_nano.a
END GROUP
START GROUP
LOAD /usr/share/gcc-arm-none-eabi-10.3-2021.10/bin/../lib/gcc/arm-none-eabi/10.3.1/thumb/v6-m/nofp/libgcc.a
LOAD /usr/share/gcc-arm-none-eabi-10.3-2021.10/bin/../lib/gcc/arm-none-eabi/10.3.1/../../../../arm-none-eabi/lib/thumb/v6-m/nofp/libc_nano.a
END GROUP
LOAD /usr/share/gcc-arm-none-eabi-10.3-2021.10/bin/../lib/gcc/arm-none-eabi/10.3.1/thumb/v6-m/nofp/crtend.o
LOAD /usr/share/gcc-arm-none-eabi-10.3-2021.10/bin/../lib/gcc/arm-none-eabi/10.3.1/thumb/v6-m/nofp/crtn.o
                0x0000000020002000                _estack = (ORIGIN (RAM) + LENGTH (RAM))
                0x0000000000000200                _Min_Heap_Size = 0x200
                0x0000000000000400                _Min_Stack_Size = 0x400

.isr_vector     0x0000000008000000       0xc0
                0x0000000008000000                . = ALIGN (0x4)
 *(.isr_vector)
 .isr_vector    0x0000000008000000       0xc0 build/startup_stm32f051x8.o
                0x0000000008000000                g_pfnVectors
                0x00000000080000c0                . = ALIGN (0x4)

.text           0x00000000080000c0     0x6be8
                0x00000000080000c0                . = ALIGN (0x4)
 *(.text)
 .text          0x00000000080000c0       0x48 /usr/share/gcc-arm-none-eabi-10.3-2021.10/bin/../lib/gcc/arm-none-eabi/10.3.1/thumb/v6-m/nofp/crtbegin.o
 .text          0x0000000008000108      0x114 /usr/share/gcc-arm-none-eabi-10.3-2021.10/bin/../lib/gcc/arm-none-eabi/10.3.1/thumb/v6-m/nofp/libgcc.a(_udivsi3.o)
                0x0000000008000108                __udivsi3
                0x0000000008000108                __aeabi_uidiv
                0x0000000008000214                __aeabi_uidivmod
 .text          0x000000000800021c      0x1d4 /usr/share/gcc-arm-none-eabi-10.3-2021.10/bin/../lib/gcc/arm-none-eabi/10.3.1/thumb/v6-m/nofp/libgcc.a(_divsi3.o)
                0x000000000800021c                __aeabi_idiv
                0x000000000800021c                __divsi3
                0x00000000080003e8                __aeabi_idivmod
 .text          0x00000000080003f0        0x4 /usr/share/gcc-arm-none-eabi-10.3-2021.10/bin/../lib/gcc/arm-none-eabi/10.3.1/thumb/v6-m/nofp/libgcc.a(_dvmd_tls.o)
                0x00000000080003f0                __aeabi_ldiv0
                0x00000000080003f0                __aeabi_idiv0
 .text          0x00000000080003f4       0x7c /usr/share/gcc-arm-none-eabi-10.3-2021.10/bin/../lib/gcc/arm-none-eabi/10.3.1/thumb/v6-m/nofp/libgcc.a(_arm_cmpdf2.o)
                0x00000000080003f4                __aeabi_cdrcmple
                0x0000000008000404                __aeabi_cdcmple
                0x0000000008000404                __aeabi_cdcmpeq
                0x0000000008000414                __aeabi_dcmpeq
                0x0000000008000420                __aeabi_dcmplt
                0x0000000008000434                __aeabi_dcmple
                0x0000000008000448                __aeabi_dcmpgt
                0x000000000800045c                __aeabi_dcmpge
 .text          0x0000000008000470       0x40 /usr/share/gcc-arm-none-eabi-10.3-2021.10/bin/../lib/gcc/arm-none-eabi/10.3.1/thumb/v6-m/nofp/libgcc.a(_aeabi_uldivmod.o)
                0x0000000008000470                __aeabi_uldivmod
 .text          0x00000000080004b0       0x3c /usr/share/gcc-arm-none-eabi-10.3-2021.10/bin/../lib/gcc/arm-none-eabi/10.3.1/thumb/v6-m/nofp/libgcc.a(_fixunsdfsi.o)
                0x00000000080004b0                __fixunsdfsi
                0x00000000080004b0                __aeabi_d2uiz
 .text          0x00000000080004ec       0x2c /usr/share/gcc-arm-none-eabi-10.3-2021.10/bin/../lib/gcc/arm-none-eabi/10.3.1/thumb/v6-m/nofp/libgcc.a(_floatundidf.o)
                0x00000000080004ec                __aeabi_ul2d
                0x00000000080004ec                __floatundidf
 .text          0x0000000008000518      0x198 /usr/share/gcc-arm-none-eabi-10.3-2021.10/bin/../lib/gcc/arm-none-eabi/10.3.1/thumb/v6-m/nofp/libgcc.a(_udivmoddi4.o)
                0x0000000008000518                __udivmoddi4
 .text          0x00000000080006b0      0x678 /usr/share/gcc-arm-none-eabi-10.3-2021.10/bin/../lib/gcc/arm-none-eabi/10.3.1/thumb/v6-m/nofp/libgcc.a(adddf3.o)
                0x00000000080006b0                __aeabi_dadd
 .text          0x0000000008000d28      0x5ec /usr/share/gcc-arm-none-eabi-10.3-2021.10/bin/../lib/gcc/arm-none-eabi/10.3.1/thumb/v6-m/nofp/libgcc.a(divdf3.o)
                0x0000000008000d28                __aeabi_ddiv
 .text          0x0000000008001314       0x84 /usr/share/gcc-arm-none-eabi-10.3-2021.10/bin/../lib/gcc/arm-none-eabi/10.3.1/thumb/v6-m/nofp/libgcc.a(eqdf2.o)
                0x0000000008001314                __eqdf2
                0x0000000008001314                __nedf2
 .text          0x0000000008001398       0xcc /usr/share/gcc-arm-none-eabi-10.3-2021.10/bin/../lib/gcc/arm-none-eabi/10.3.1/thumb/v6-m/nofp/libgcc.a(gedf2.o)
                0x0000000008001398                __gtdf2
                0x0000000008001398                __gedf2
 .text          0x0000000008001464       0xc8 /usr/share/gcc-arm-none-eabi-10.3-2021.10/bin/../lib/gcc/arm-none-eabi/10.3.1/thumb/v6-m/nofp/libgcc.a(ledf2.o)
                0x0000000008001464                __ltdf2
                0x0000000008001464                __ledf2
 .text          0x000000000800152c      0x4d8 /usr/share/gcc-arm-none-eabi-10.3-2021.10/bin/../lib/gcc/arm-none-eabi/10.3.1/thumb/v6-m/nofp/libgcc.a(muldf3.o)
                0x000000000800152c                __aeabi_dmul
 .text          0x0000000008001a04      0x724 /usr/share/gcc-arm-none-eabi-10.3-2021.10/bin/../lib/gcc/arm-none-eabi/10.3.1/thumb/v6-m/nofp/libgcc.a(subdf3.o)
                0x0000000008001a04                __aeabi_dsub
 .text          0x0000000008002128       0x3c /usr/share/gcc-arm-none-eabi-10.3-2021.10/bin/../lib/gcc/arm-none-eabi/10.3.1/thumb/v6-m/nofp/libgcc.a(unorddf2.o)
                0x0000000008002128                __aeabi_dcmpun
 .text          0x0000000008002164       0x6c /usr/share/gcc-arm-none-eabi-10.3-2021.10/bin/../lib/gcc/arm-none-eabi/10.3.1/thumb/v6-m/nofp/libgcc.a(fixdfsi.o)
                0x0000000008002164                __aeabi_d2iz
 .text          0x00000000080021d0       0x60 /usr/share/gcc-arm-none-eabi-10.3-2021.10/bin/../lib/gcc/arm-none-eabi/10.3.1/thumb/v6-m/nofp/libgcc.a(floatsidf.o)
                0x00000000080021d0                __aeabi_i2d
 .text          0x0000000008002230       0x4c /usr/share/gcc-arm-none-eabi-10.3-2021.10/bin/../lib/gcc/arm-none-eabi/10.3.1/thumb/v6-m/nofp/libgcc.a(floatunsidf.o)
                0x0000000008002230                __aeabi_ui2d
 .text          0x000000000800227c       0x3c /usr/share/gcc-arm-none-eabi-10.3-2021.10/bin/../lib/gcc/arm-none-eabi/10.3.1/thumb/v6-m/nofp/libgcc.a(_clzsi2.o)
                0x000000000800227c                __clzsi2
 .text          0x00000000080022b8       0x18 /usr/share/gcc-arm-none-eabi-10.3-2021.10/bin/../lib/gcc/arm-none-eabi/10.3.1/thumb/v6-m/nofp/libgcc.a(_clzdi2.o)
                0x00000000080022b8                __clzdi2
 *(.text*)
 .text.MX_GPIO_Init
                0x00000000080022d0       0xac build/main.o
 .text.Error_Handler
                0x000000000800237c        0x4 build/main.o
                0x000000000800237c                Error_Handler
 .text.MX_I2C1_Init
                0x0000000008002380       0x58 build/main.o
 .text.MX_TIM1_Init
                0x00000000080023d8       0xb8 build/main.o
 .text.MX_TIM2_Init
                0x0000000008002490       0xa8 build/main.o
 .text.SystemClock_Config
                0x0000000008002538       0xa4 build/main.o
                0x0000000008002538                SystemClock_Config
 .text.main     0x00000000080025dc       0x90 build/main.o
                0x00000000080025dc                main
 .text.NMI_Handler
                0x000000000800266c        0x2 build/stm32f0xx_it.o
                0x000000000800266c                NMI_Handler
 .text.HardFault_Handler
                0x000000000800266e        0x2 build/stm32f0xx_it.o
                0x000000000800266e                HardFault_Handler
 .text.SVC_Handler
                0x0000000008002670        0x2 build/stm32f0xx_it.o
                0x0000000008002670                SVC_Handler
 .text.PendSV_Handler
                0x0000000008002672        0x2 build/stm32f0xx_it.o
                0x0000000008002672                PendSV_Handler
 .text.SysTick_Handler
                0x0000000008002674      0x2dc build/stm32f0xx_it.o
                0x0000000008002674                SysTick_Handler
 .text.EXTI2_3_IRQHandler
                0x0000000008002950       0x1c build/stm32f0xx_it.o
                0x0000000008002950                EXTI2_3_IRQHandler
 .text.HAL_MspInit
                0x000000000800296c       0x30 build/stm32f0xx_hal_msp.o
                0x000000000800296c                HAL_MspInit
 .text.HAL_I2C_MspInit
                0x000000000800299c       0x68 build/stm32f0xx_hal_msp.o
                0x000000000800299c                HAL_I2C_MspInit
 .text.HAL_TIM_PWM_MspInit
                0x0000000008002a04       0x48 build/stm32f0xx_hal_msp.o
                0x0000000008002a04                HAL_TIM_PWM_MspInit
 .text.HAL_TIM_MspPostInit
                0x0000000008002a4c       0x84 build/stm32f0xx_hal_msp.o
                0x0000000008002a4c                HAL_TIM_MspPostInit
 .text.I2C_Flush_TXDR
                0x0000000008002ad0       0x1e build/stm32f0xx_hal_i2c.o
 *fill*         0x0000000008002aee        0x2 
 .text.I2C_TransferConfig
                0x0000000008002af0       0x30 build/stm32f0xx_hal_i2c.o
 .text.I2C_IsAcknowledgeFailed
                0x0000000008002b20       0x90 build/stm32f0xx_hal_i2c.o
 .text.I2C_WaitOnTXISFlagUntilTimeout
                0x0000000008002bb0       0x52 build/stm32f0xx_hal_i2c.o
 .text.I2C_WaitOnFlagUntilTimeout
                0x0000000008002c02       0x54 build/stm32f0xx_hal_i2c.o
 *fill*         0x0000000008002c56        0x2 
 .text.I2C_RequestMemoryWrite
                0x0000000008002c58       0x78 build/stm32f0xx_hal_i2c.o
 .text.I2C_RequestMemoryRead
                0x0000000008002cd0       0x74 build/stm32f0xx_hal_i2c.o
 .text.I2C_WaitOnSTOPFlagUntilTimeout
                0x0000000008002d44       0x4e build/stm32f0xx_hal_i2c.o
 *fill*         0x0000000008002d92        0x2 
 .text.HAL_I2C_Init
                0x0000000008002d94       0xcc build/stm32f0xx_hal_i2c.o
                0x0000000008002d94                HAL_I2C_Init
 .text.HAL_I2C_Mem_Write
                0x0000000008002e60      0x1a0 build/stm32f0xx_hal_i2c.o
                0x0000000008002e60                HAL_I2C_Mem_Write
 .text.HAL_I2C_Mem_Read
                0x0000000008003000      0x1a8 build/stm32f0xx_hal_i2c.o
                0x0000000008003000                HAL_I2C_Mem_Read
 .text.HAL_I2CEx_ConfigAnalogFilter
                0x00000000080031a8       0x58 build/stm32f0xx_hal_i2c_ex.o
                0x00000000080031a8                HAL_I2CEx_ConfigAnalogFilter
 .text.HAL_I2CEx_ConfigDigitalFilter
                0x0000000008003200       0x54 build/stm32f0xx_hal_i2c_ex.o
                0x0000000008003200                HAL_I2CEx_ConfigDigitalFilter
 .text.HAL_RCC_OscConfig
                0x0000000008003254      0x49c build/stm32f0xx_hal_rcc.o
                0x0000000008003254                HAL_RCC_OscConfig
 .text.HAL_RCC_GetSysClockFreq
                0x00000000080036f0       0x70 build/stm32f0xx_hal_rcc.o
                0x00000000080036f0                HAL_RCC_GetSysClockFreq
 .text.HAL_RCC_ClockConfig
                0x0000000008003760      0x134 build/stm32f0xx_hal_rcc.o
                0x0000000008003760                HAL_RCC_ClockConfig
 .text.HAL_RCCEx_PeriphCLKConfig
                0x0000000008003894      0x130 build/stm32f0xx_hal_rcc_ex.o
                0x0000000008003894                HAL_RCCEx_PeriphCLKConfig
 .text.HAL_InitTick
                0x00000000080039c4       0x50 build/stm32f0xx_hal.o
                0x00000000080039c4                HAL_InitTick
 .text.HAL_Init
                0x0000000008003a14       0x20 build/stm32f0xx_hal.o
                0x0000000008003a14                HAL_Init
 .text.HAL_IncTick
                0x0000000008003a34       0x18 build/stm32f0xx_hal.o
                0x0000000008003a34                HAL_IncTick
 .text.HAL_GetTick
                0x0000000008003a4c        0xc build/stm32f0xx_hal.o
                0x0000000008003a4c                HAL_GetTick
 .text.HAL_GPIO_Init
                0x0000000008003a58      0x18c build/stm32f0xx_hal_gpio.o
                0x0000000008003a58                HAL_GPIO_Init
 .text.HAL_GPIO_EXTI_Callback
                0x0000000008003be4        0x2 build/stm32f0xx_hal_gpio.o
                0x0000000008003be4                HAL_GPIO_EXTI_Callback
 *fill*         0x0000000008003be6        0x2 
 .text.HAL_GPIO_EXTI_IRQHandler
                0x0000000008003be8       0x1c build/stm32f0xx_hal_gpio.o
                0x0000000008003be8                HAL_GPIO_EXTI_IRQHandler
 .text.HAL_NVIC_SetPriority
                0x0000000008003c04       0x60 build/stm32f0xx_hal_cortex.o
                0x0000000008003c04                HAL_NVIC_SetPriority
 .text.HAL_NVIC_EnableIRQ
                0x0000000008003c64       0x18 build/stm32f0xx_hal_cortex.o
                0x0000000008003c64                HAL_NVIC_EnableIRQ
 .text.HAL_SYSTICK_Config
                0x0000000008003c7c       0x38 build/stm32f0xx_hal_cortex.o
                0x0000000008003c7c                HAL_SYSTICK_Config
 .text.TIM_OC1_SetConfig
                0x0000000008003cb4       0x88 build/stm32f0xx_hal_tim.o
 .text.TIM_OC3_SetConfig
                0x0000000008003d3c       0x90 build/stm32f0xx_hal_tim.o
 .text.TIM_OC4_SetConfig
                0x0000000008003dcc       0x74 build/stm32f0xx_hal_tim.o
 .text.TIM_Base_SetConfig
                0x0000000008003e40       0xa4 build/stm32f0xx_hal_tim.o
                0x0000000008003e40                TIM_Base_SetConfig
 .text.HAL_TIM_PWM_Init
                0x0000000008003ee4       0x58 build/stm32f0xx_hal_tim.o
                0x0000000008003ee4                HAL_TIM_PWM_Init
 .text.TIM_OC2_SetConfig
                0x0000000008003f3c       0x88 build/stm32f0xx_hal_tim.o
                0x0000000008003f3c                TIM_OC2_SetConfig
 .text.HAL_TIM_PWM_ConfigChannel
                0x0000000008003fc4       0xf0 build/stm32f0xx_hal_tim.o
                0x0000000008003fc4                HAL_TIM_PWM_ConfigChannel
 .text.TIM_CCxChannelCmd
                0x00000000080040b4       0x1a build/stm32f0xx_hal_tim.o
                0x00000000080040b4                TIM_CCxChannelCmd
 *fill*         0x00000000080040ce        0x2 
 .text.HAL_TIM_PWM_Start
                0x00000000080040d0       0xfc build/stm32f0xx_hal_tim.o
                0x00000000080040d0                HAL_TIM_PWM_Start
 .text.HAL_TIMEx_MasterConfigSynchronization
                0x00000000080041cc       0x6c build/stm32f0xx_hal_tim_ex.o
                0x00000000080041cc                HAL_TIMEx_MasterConfigSynchronization
 .text.HAL_TIMEx_ConfigBreakDeadTime
                0x0000000008004238       0x6c build/stm32f0xx_hal_tim_ex.o
                0x0000000008004238                HAL_TIMEx_ConfigBreakDeadTime
 .text.SystemInit
                0x00000000080042a4        0x2 build/system_stm32f0xx.o
                0x00000000080042a4                SystemInit
 .text.giro_config
                0x00000000080042a6       0x98 build/giro_driver.o
                0x00000000080042a6                giro_config
 *fill*         0x000000000800433e        0x2 
 .text.giro_read_angls
                0x0000000008004340       0x98 build/giro_driver.o
                0x0000000008004340                giro_read_angls
 .text.set_3_servo
                0x00000000080043d8       0x84 build/servo.o
                0x00000000080043d8                set_3_servo
 .text.Quaternion_Mul
                0x000000000800445c      0x1f4 build/quaternion_lib.o
                0x000000000800445c                Quaternion_Mul
 .text.Quaternion_Conjugate
                0x0000000008004650       0x2e build/quaternion_lib.o
                0x0000000008004650                Quaternion_Conjugate
 .text.Quaternion_Norm
                0x000000000800467e       0x66 build/quaternion_lib.o
                0x000000000800467e                Quaternion_Norm
 .text.Quaternion_Inverse
                0x00000000080046e4       0x6e build/quaternion_lib.o
                0x00000000080046e4                Quaternion_Inverse
 .text.Vector_Scalar_Mul
                0x0000000008004752       0x4c build/quaternion_lib.o
                0x0000000008004752                Vector_Scalar_Mul
 .text.RotateQuat
                0x000000000800479e       0xbc build/quaternion_lib.o
                0x000000000800479e                RotateQuat
 *fill*         0x000000000800485a        0x2 
 .text.Rotate   0x000000000800485c      0x208 build/quaternion_lib.o
                0x000000000800485c                Rotate
 .text.Reset_Handler
                0x0000000008004a64       0x50 build/startup_stm32f051x8.o
                0x0000000008004a64                Reset_Handler
 .text.Default_Handler
                0x0000000008004ab4        0x2 build/startup_stm32f051x8.o
                0x0000000008004ab4                TIM1_CC_IRQHandler
                0x0000000008004ab4                TSC_IRQHandler
                0x0000000008004ab4                ADC1_COMP_IRQHandler
                0x0000000008004ab4                PVD_IRQHandler
                0x0000000008004ab4                I2C1_IRQHandler
                0x0000000008004ab4                RCC_CRS_IRQHandler
                0x0000000008004ab4                SPI1_IRQHandler
                0x0000000008004ab4                TIM6_DAC_IRQHandler
                0x0000000008004ab4                I2C2_IRQHandler
                0x0000000008004ab4                TIM17_IRQHandler
                0x0000000008004ab4                CEC_CAN_IRQHandler
                0x0000000008004ab4                RTC_IRQHandler
                0x0000000008004ab4                TIM16_IRQHandler
                0x0000000008004ab4                TIM3_IRQHandler
                0x0000000008004ab4                EXTI4_15_IRQHandler
                0x0000000008004ab4                DMA1_Channel1_IRQHandler
                0x0000000008004ab4                Default_Handler
                0x0000000008004ab4                TIM14_IRQHandler
                0x0000000008004ab4                DMA1_Channel4_5_IRQHandler
                0x0000000008004ab4                TIM15_IRQHandler
                0x0000000008004ab4                EXTI0_1_IRQHandler
                0x0000000008004ab4                SPI2_IRQHandler
                0x0000000008004ab4                WWDG_IRQHandler
                0x0000000008004ab4                TIM2_IRQHandler
                0x0000000008004ab4                DMA1_Channel2_3_IRQHandler
                0x0000000008004ab4                USART2_IRQHandler
                0x0000000008004ab4                FLASH_IRQHandler
                0x0000000008004ab4                USART1_IRQHandler
                0x0000000008004ab4                TIM1_BRK_UP_TRG_COM_IRQHandler
 *fill*         0x0000000008004ab6        0x2 
 .text.__libc_init_array
                0x0000000008004ab8       0x48 /usr/share/gcc-arm-none-eabi-10.3-2021.10/bin/../lib/gcc/arm-none-eabi/10.3.1/../../../../arm-none-eabi/lib/thumb/v6-m/nofp/libc_nano.a(lib_a-init.o)
                0x0000000008004ab8                __libc_init_array
 .text.memcpy   0x0000000008004b00       0x12 /usr/share/gcc-arm-none-eabi-10.3-2021.10/bin/../lib/gcc/arm-none-eabi/10.3.1/../../../../arm-none-eabi/lib/thumb/v6-m/nofp/libc_nano.a(lib_a-memcpy-stub.o)
                0x0000000008004b00                memcpy
 .text.memset   0x0000000008004b12       0x10 /usr/share/gcc-arm-none-eabi-10.3-2021.10/bin/../lib/gcc/arm-none-eabi/10.3.1/../../../../arm-none-eabi/lib/thumb/v6-m/nofp/libc_nano.a(lib_a-memset.o)
                0x0000000008004b12                memset
 *fill*         0x0000000008004b22        0x2 
 .text.atan     0x0000000008004b24      0x334 /usr/share/gcc-arm-none-eabi-10.3-2021.10/bin/../lib/gcc/arm-none-eabi/10.3.1/../../../../arm-none-eabi/lib/thumb/v6-m/nofp/libm.a(lib_a-s_atan.o)
                0x0000000008004b24                atan
 .text.cos      0x0000000008004e58       0xa0 /usr/share/gcc-arm-none-eabi-10.3-2021.10/bin/../lib/gcc/arm-none-eabi/10.3.1/../../../../arm-none-eabi/lib/thumb/v6-m/nofp/libm.a(lib_a-s_cos.o)
                0x0000000008004e58                cos
 .text.fabs     0x0000000008004ef8        0x8 /usr/share/gcc-arm-none-eabi-10.3-2021.10/bin/../lib/gcc/arm-none-eabi/10.3.1/../../../../arm-none-eabi/lib/thumb/v6-m/nofp/libm.a(lib_a-s_fabs.o)
                0x0000000008004ef8                fabs
 .text.sin      0x0000000008004f00       0xa4 /usr/share/gcc-arm-none-eabi-10.3-2021.10/bin/../lib/gcc/arm-none-eabi/10.3.1/../../../../arm-none-eabi/lib/thumb/v6-m/nofp/libm.a(lib_a-s_sin.o)
                0x0000000008004f00                sin
 .text.acos     0x0000000008004fa4       0x54 /usr/share/gcc-arm-none-eabi-10.3-2021.10/bin/../lib/gcc/arm-none-eabi/10.3.1/../../../../arm-none-eabi/lib/thumb/v6-m/nofp/libm.a(lib_a-w_acos.o)
                0x0000000008004fa4                acos
 .text.asin     0x0000000008004ff8       0x54 /usr/share/gcc-arm-none-eabi-10.3-2021.10/bin/../lib/gcc/arm-none-eabi/10.3.1/../../../../arm-none-eabi/lib/thumb/v6-m/nofp/libm.a(lib_a-w_asin.o)
                0x0000000008004ff8                asin
 .text.__ieee754_acos
                0x000000000800504c      0x3f8 /usr/share/gcc-arm-none-eabi-10.3-2021.10/bin/../lib/gcc/arm-none-eabi/10.3.1/../../../../arm-none-eabi/lib/thumb/v6-m/nofp/libm.a(lib_a-e_acos.o)
                0x000000000800504c                __ieee754_acos
 .text.__ieee754_asin
                0x0000000008005444      0x3e4 /usr/share/gcc-arm-none-eabi-10.3-2021.10/bin/../lib/gcc/arm-none-eabi/10.3.1/../../../../arm-none-eabi/lib/thumb/v6-m/nofp/libm.a(lib_a-e_asin.o)
                0x0000000008005444                __ieee754_asin
 .text.__ieee754_rem_pio2
                0x0000000008005828      0x410 /usr/share/gcc-arm-none-eabi-10.3-2021.10/bin/../lib/gcc/arm-none-eabi/10.3.1/../../../../arm-none-eabi/lib/thumb/v6-m/nofp/libm.a(lib_a-e_rem_pio2.o)
                0x0000000008005828                __ieee754_rem_pio2
 .text.__ieee754_sqrt
                0x0000000008005c38      0x1b0 /usr/share/gcc-arm-none-eabi-10.3-2021.10/bin/../lib/gcc/arm-none-eabi/10.3.1/../../../../arm-none-eabi/lib/thumb/v6-m/nofp/libm.a(lib_a-e_sqrt.o)
                0x0000000008005c38                __ieee754_sqrt
 .text.__kernel_cos
                0x0000000008005de8      0x230 /usr/share/gcc-arm-none-eabi-10.3-2021.10/bin/../lib/gcc/arm-none-eabi/10.3.1/../../../../arm-none-eabi/lib/thumb/v6-m/nofp/libm.a(lib_a-k_cos.o)
                0x0000000008005de8                __kernel_cos
 .text.__kernel_rem_pio2
                0x0000000008006018      0x8c4 /usr/share/gcc-arm-none-eabi-10.3-2021.10/bin/../lib/gcc/arm-none-eabi/10.3.1/../../../../arm-none-eabi/lib/thumb/v6-m/nofp/libm.a(lib_a-k_rem_pio2.o)
                0x0000000008006018                __kernel_rem_pio2
 .text.__kernel_sin
                0x00000000080068dc      0x16c /usr/share/gcc-arm-none-eabi-10.3-2021.10/bin/../lib/gcc/arm-none-eabi/10.3.1/../../../../arm-none-eabi/lib/thumb/v6-m/nofp/libm.a(lib_a-k_sin.o)
                0x00000000080068dc                __kernel_sin
 .text.floor    0x0000000008006a48      0x138 /usr/share/gcc-arm-none-eabi-10.3-2021.10/bin/../lib/gcc/arm-none-eabi/10.3.1/../../../../arm-none-eabi/lib/thumb/v6-m/nofp/libm.a(lib_a-s_floor.o)
                0x0000000008006a48                floor
 .text.nan      0x0000000008006b80        0xc /usr/share/gcc-arm-none-eabi-10.3-2021.10/bin/../lib/gcc/arm-none-eabi/10.3.1/../../../../arm-none-eabi/lib/thumb/v6-m/nofp/libm.a(lib_a-s_nan.o)
                0x0000000008006b80                nan
 .text.scalbn   0x0000000008006b8c       0xf8 /usr/share/gcc-arm-none-eabi-10.3-2021.10/bin/../lib/gcc/arm-none-eabi/10.3.1/../../../../arm-none-eabi/lib/thumb/v6-m/nofp/libm.a(lib_a-s_scalbn.o)
                0x0000000008006b8c                scalbn
 .text.__errno  0x0000000008006c84        0xc /usr/share/gcc-arm-none-eabi-10.3-2021.10/bin/../lib/gcc/arm-none-eabi/10.3.1/../../../../arm-none-eabi/lib/thumb/v6-m/nofp/libc_nano.a(lib_a-errno.o)
                0x0000000008006c84                __errno
 *(.glue_7)
 .glue_7        0x0000000008006c90        0x0 linker stubs
 *(.glue_7t)
 .glue_7t       0x0000000008006c90        0x0 linker stubs
 *(.eh_frame)
 .eh_frame      0x0000000008006c90        0x0 /usr/share/gcc-arm-none-eabi-10.3-2021.10/bin/../lib/gcc/arm-none-eabi/10.3.1/thumb/v6-m/nofp/crtbegin.o
 *(.init)
 .init          0x0000000008006c90        0x4 /usr/share/gcc-arm-none-eabi-10.3-2021.10/bin/../lib/gcc/arm-none-eabi/10.3.1/thumb/v6-m/nofp/crti.o
                0x0000000008006c90                _init
 .init          0x0000000008006c94        0x8 /usr/share/gcc-arm-none-eabi-10.3-2021.10/bin/../lib/gcc/arm-none-eabi/10.3.1/thumb/v6-m/nofp/crtn.o
 *(.fini)
 .fini          0x0000000008006c9c        0x4 /usr/share/gcc-arm-none-eabi-10.3-2021.10/bin/../lib/gcc/arm-none-eabi/10.3.1/thumb/v6-m/nofp/crti.o
                0x0000000008006c9c                _fini
 .fini          0x0000000008006ca0        0x8 /usr/share/gcc-arm-none-eabi-10.3-2021.10/bin/../lib/gcc/arm-none-eabi/10.3.1/thumb/v6-m/nofp/crtn.o
                0x0000000008006ca8                . = ALIGN (0x4)
                0x0000000008006ca8                _etext = .

.vfp11_veneer   0x0000000008006ca8        0x0
 .vfp11_veneer  0x0000000008006ca8        0x0 linker stubs

.v4_bx          0x0000000008006ca8        0x0
 .v4_bx         0x0000000008006ca8        0x0 linker stubs

.iplt           0x0000000008006ca8        0x0
 .iplt          0x0000000008006ca8        0x0 /usr/share/gcc-arm-none-eabi-10.3-2021.10/bin/../lib/gcc/arm-none-eabi/10.3.1/thumb/v6-m/nofp/crtbegin.o

.rodata         0x0000000008006ca8      0x338
                0x0000000008006ca8                . = ALIGN (0x4)
 *(.rodata)
 .rodata        0x0000000008006ca8       0x40 /usr/share/gcc-arm-none-eabi-10.3-2021.10/bin/../lib/gcc/arm-none-eabi/10.3.1/thumb/v6-m/nofp/libgcc.a(divdf3.o)
 .rodata        0x0000000008006ce8       0x40 /usr/share/gcc-arm-none-eabi-10.3-2021.10/bin/../lib/gcc/arm-none-eabi/10.3.1/thumb/v6-m/nofp/libgcc.a(muldf3.o)
 *(.rodata*)
 .rodata.sis_tik_frik
                0x0000000008006d28        0x8 build/main.o
                0x0000000008006d28                sis_tik_frik
 .rodata.HAL_RCC_GetSysClockFreq.str1.4
                0x0000000008006d30       0x25 build/stm32f0xx_hal_rcc.o
 *fill*         0x0000000008006d55        0x3 
 .rodata.AHBPrescTable
                0x0000000008006d58       0x10 build/system_stm32f0xx.o
                0x0000000008006d58                AHBPrescTable
 .rodata.__sf_fake_stderr
                0x0000000008006d68       0x20 /usr/share/gcc-arm-none-eabi-10.3-2021.10/bin/../lib/gcc/arm-none-eabi/10.3.1/../../../../arm-none-eabi/lib/thumb/v6-m/nofp/libc_nano.a(lib_a-findfp.o)
                0x0000000008006d68                __sf_fake_stderr
 .rodata.__sf_fake_stdin
                0x0000000008006d88       0x20 /usr/share/gcc-arm-none-eabi-10.3-2021.10/bin/../lib/gcc/arm-none-eabi/10.3.1/../../../../arm-none-eabi/lib/thumb/v6-m/nofp/libc_nano.a(lib_a-findfp.o)
                0x0000000008006d88                __sf_fake_stdin
 .rodata.__sf_fake_stdout
                0x0000000008006da8       0x20 /usr/share/gcc-arm-none-eabi-10.3-2021.10/bin/../lib/gcc/arm-none-eabi/10.3.1/../../../../arm-none-eabi/lib/thumb/v6-m/nofp/libc_nano.a(lib_a-findfp.o)
                0x0000000008006da8                __sf_fake_stdout
 .rodata.atanhi
                0x0000000008006dc8       0x20 /usr/share/gcc-arm-none-eabi-10.3-2021.10/bin/../lib/gcc/arm-none-eabi/10.3.1/../../../../arm-none-eabi/lib/thumb/v6-m/nofp/libm.a(lib_a-s_atan.o)
 .rodata.atanlo
                0x0000000008006de8       0x20 /usr/share/gcc-arm-none-eabi-10.3-2021.10/bin/../lib/gcc/arm-none-eabi/10.3.1/../../../../arm-none-eabi/lib/thumb/v6-m/nofp/libm.a(lib_a-s_atan.o)
 .rodata.acos.str1.4
                0x0000000008006e08       0x25 /usr/share/gcc-arm-none-eabi-10.3-2021.10/bin/../lib/gcc/arm-none-eabi/10.3.1/../../../../arm-none-eabi/lib/thumb/v6-m/nofp/libm.a(lib_a-w_acos.o)
                                          0x1 (size before relaxing)
 .rodata.asin.str1.4
                0x0000000008006e08        0x1 /usr/share/gcc-arm-none-eabi-10.3-2021.10/bin/../lib/gcc/arm-none-eabi/10.3.1/../../../../arm-none-eabi/lib/thumb/v6-m/nofp/libm.a(lib_a-w_asin.o)
 .rodata.npio2_hw
                0x0000000008006e08       0x80 /usr/share/gcc-arm-none-eabi-10.3-2021.10/bin/../lib/gcc/arm-none-eabi/10.3.1/../../../../arm-none-eabi/lib/thumb/v6-m/nofp/libm.a(lib_a-e_rem_pio2.o)
 .rodata.two_over_pi
                0x0000000008006e88      0x108 /usr/share/gcc-arm-none-eabi-10.3-2021.10/bin/../lib/gcc/arm-none-eabi/10.3.1/../../../../arm-none-eabi/lib/thumb/v6-m/nofp/libm.a(lib_a-e_rem_pio2.o)
 .rodata.PIo2   0x0000000008006f90       0x40 /usr/share/gcc-arm-none-eabi-10.3-2021.10/bin/../lib/gcc/arm-none-eabi/10.3.1/../../../../arm-none-eabi/lib/thumb/v6-m/nofp/libm.a(lib_a-k_rem_pio2.o)
 .rodata.init_jk
                0x0000000008006fd0       0x10 /usr/share/gcc-arm-none-eabi-10.3-2021.10/bin/../lib/gcc/arm-none-eabi/10.3.1/../../../../arm-none-eabi/lib/thumb/v6-m/nofp/libm.a(lib_a-k_rem_pio2.o)
                0x0000000008006fe0                . = ALIGN (0x4)

.ARM.extab
 *(.ARM.extab* .gnu.linkonce.armextab.*)

.ARM            0x0000000008006fe0        0x8
                0x0000000008006fe0                __exidx_start = .
 *(.ARM.exidx*)
 .ARM.exidx     0x0000000008006fe0        0x8 /usr/share/gcc-arm-none-eabi-10.3-2021.10/bin/../lib/gcc/arm-none-eabi/10.3.1/thumb/v6-m/nofp/libgcc.a(_udivmoddi4.o)
                0x0000000008006fe8                __exidx_end = .

.rel.dyn        0x0000000008006fe8        0x0
 .rel.iplt      0x0000000008006fe8        0x0 /usr/share/gcc-arm-none-eabi-10.3-2021.10/bin/../lib/gcc/arm-none-eabi/10.3.1/thumb/v6-m/nofp/crtbegin.o

.preinit_array  0x0000000008006fe8        0x0
                0x0000000008006fe8                PROVIDE (__preinit_array_start = .)
 *(.preinit_array*)
                0x0000000008006fe8                PROVIDE (__preinit_array_end = .)

.init_array     0x0000000008006fe8        0x4
                0x0000000008006fe8                PROVIDE (__init_array_start = .)
 *(SORT_BY_NAME(.init_array.*))
 *(.init_array*)
 .init_array    0x0000000008006fe8        0x4 /usr/share/gcc-arm-none-eabi-10.3-2021.10/bin/../lib/gcc/arm-none-eabi/10.3.1/thumb/v6-m/nofp/crtbegin.o
                0x0000000008006fec                PROVIDE (__init_array_end = .)

.fini_array     0x0000000008006fec        0x4
                [!provide]                        PROVIDE (__fini_array_start = .)
 *(SORT_BY_NAME(.fini_array.*))
 *(.fini_array*)
 .fini_array    0x0000000008006fec        0x4 /usr/share/gcc-arm-none-eabi-10.3-2021.10/bin/../lib/gcc/arm-none-eabi/10.3.1/thumb/v6-m/nofp/crtbegin.o
                [!provide]                        PROVIDE (__fini_array_end = .)
                0x0000000008006ff0                _sidata = LOADADDR (.data)

.data           0x0000000020000000       0xa8 load address 0x0000000008006ff0
                0x0000000020000000                . = ALIGN (0x4)
                0x0000000020000000                _sdata = .
 *(.data)
 *(.data*)
 .data.front    0x0000000020000000       0x18 build/stm32f0xx_it.o
                0x0000000020000000                front
 .data.mode     0x0000000020000018        0x1 build/stm32f0xx_it.o
                0x0000000020000018                mode
 *fill*         0x0000000020000019        0x7 
 .data.right    0x0000000020000020       0x18 build/stm32f0xx_it.o
                0x0000000020000020                right
 .data.uwTickFreq
                0x0000000020000038        0x1 build/stm32f0xx_hal.o
                0x0000000020000038                uwTickFreq
 *fill*         0x0000000020000039        0x3 
 .data.uwTickPrio
                0x000000002000003c        0x4 build/stm32f0xx_hal.o
                0x000000002000003c                uwTickPrio
 .data.SystemCoreClock
                0x0000000020000040        0x4 build/system_stm32f0xx.o
                0x0000000020000040                SystemCoreClock
 .data._impure_ptr
                0x0000000020000044        0x4 /usr/share/gcc-arm-none-eabi-10.3-2021.10/bin/../lib/gcc/arm-none-eabi/10.3.1/../../../../arm-none-eabi/lib/thumb/v6-m/nofp/libc_nano.a(lib_a-impure.o)
                0x0000000020000044                _impure_ptr
 .data.impure_data
                0x0000000020000048       0x60 /usr/share/gcc-arm-none-eabi-10.3-2021.10/bin/../lib/gcc/arm-none-eabi/10.3.1/../../../../arm-none-eabi/lib/thumb/v6-m/nofp/libc_nano.a(lib_a-impure.o)
                0x00000000200000a8                . = ALIGN (0x4)
                0x00000000200000a8                _edata = .

.igot.plt       0x00000000200000a8        0x0 load address 0x0000000008007098
 .igot.plt      0x00000000200000a8        0x0 /usr/share/gcc-arm-none-eabi-10.3-2021.10/bin/../lib/gcc/arm-none-eabi/10.3.1/thumb/v6-m/nofp/crtbegin.o
                0x00000000200000a8                . = ALIGN (0x4)

.bss            0x00000000200000a8      0x10c load address 0x0000000008007098
                0x00000000200000a8                _sbss = .
                0x00000000200000a8                __bss_start__ = _sbss
 *(.bss)
 .bss           0x00000000200000a8       0x1c /usr/share/gcc-arm-none-eabi-10.3-2021.10/bin/../lib/gcc/arm-none-eabi/10.3.1/thumb/v6-m/nofp/crtbegin.o
 *(.bss*)
 *fill*         0x00000000200000c4        0x4 
 .bss.button_delay_counter
                0x00000000200000c8        0x8 build/main.o
                0x00000000200000c8                button_delay_counter
 .bss.button_status
                0x00000000200000d0        0x1 build/main.o
                0x00000000200000d0                button_status
 *fill*         0x00000000200000d1        0x3 
 .bss.hi2c1     0x00000000200000d4       0x4c build/main.o
                0x00000000200000d4                hi2c1
 .bss.htim1     0x0000000020000120       0x48 build/main.o
                0x0000000020000120                htim1
 .bss.htim2     0x0000000020000168       0x48 build/main.o
                0x0000000020000168                htim2
 .bss.uwTick    0x00000000200001b0        0x4 build/stm32f0xx_hal.o
                0x00000000200001b0                uwTick
 *(COMMON)
                0x00000000200001b4                . = ALIGN (0x4)
                0x00000000200001b4                _ebss = .
                0x00000000200001b4                __bss_end__ = _ebss

._user_heap_stack
                0x00000000200001b4      0x604 load address 0x0000000008007098
                0x00000000200001b8                . = ALIGN (0x8)
 *fill*         0x00000000200001b4        0x4 
                0x00000000200001b8                PROVIDE (end = .)
                [!provide]                        PROVIDE (_end = .)
                0x00000000200003b8                . = (. + _Min_Heap_Size)
 *fill*         0x00000000200001b8      0x200 
                0x00000000200007b8                . = (. + _Min_Stack_Size)
 *fill*         0x00000000200003b8      0x400 
                0x00000000200007b8                . = ALIGN (0x8)

/DISCARD/
 libc.a(*)
 libm.a(*)
 libgcc.a(*)

.ARM.attributes
                0x0000000000000000       0x28
 *(.ARM.attributes)
 .ARM.attributes
                0x0000000000000000       0x1e /usr/share/gcc-arm-none-eabi-10.3-2021.10/bin/../lib/gcc/arm-none-eabi/10.3.1/thumb/v6-m/nofp/crti.o
 .ARM.attributes
                0x000000000000001e       0x2c /usr/share/gcc-arm-none-eabi-10.3-2021.10/bin/../lib/gcc/arm-none-eabi/10.3.1/thumb/v6-m/nofp/crtbegin.o
 .ARM.attributes
                0x000000000000004a       0x2c build/main.o
 .ARM.attributes
                0x0000000000000076       0x2c build/stm32f0xx_it.o
 .ARM.attributes
                0x00000000000000a2       0x2c build/stm32f0xx_hal_msp.o
 .ARM.attributes
                0x00000000000000ce       0x2c build/stm32f0xx_hal_i2c.o
 .ARM.attributes
                0x00000000000000fa       0x2c build/stm32f0xx_hal_i2c_ex.o
 .ARM.attributes
                0x0000000000000126       0x2c build/stm32f0xx_hal_rcc.o
 .ARM.attributes
                0x0000000000000152       0x2c build/stm32f0xx_hal_rcc_ex.o
 .ARM.attributes
                0x000000000000017e       0x2c build/stm32f0xx_hal.o
 .ARM.attributes
                0x00000000000001aa       0x2c build/stm32f0xx_hal_gpio.o
 .ARM.attributes
                0x00000000000001d6       0x2c build/stm32f0xx_hal_cortex.o
 .ARM.attributes
                0x0000000000000202       0x2c build/stm32f0xx_hal_tim.o
 .ARM.attributes
                0x000000000000022e       0x2c build/stm32f0xx_hal_tim_ex.o
 .ARM.attributes
                0x000000000000025a       0x2c build/system_stm32f0xx.o
 .ARM.attributes
                0x0000000000000286       0x2c build/giro_driver.o
 .ARM.attributes
                0x00000000000002b2       0x2c build/servo.o
 .ARM.attributes
                0x00000000000002de       0x2c build/quaternion_lib.o
 .ARM.attributes
                0x000000000000030a       0x21 build/startup_stm32f051x8.o
 .ARM.attributes
                0x000000000000032b       0x2c /usr/share/gcc-arm-none-eabi-10.3-2021.10/bin/../lib/gcc/arm-none-eabi/10.3.1/../../../../arm-none-eabi/lib/thumb/v6-m/nofp/libc_nano.a(lib_a-impure.o)
 .ARM.attributes
                0x0000000000000357       0x2c /usr/share/gcc-arm-none-eabi-10.3-2021.10/bin/../lib/gcc/arm-none-eabi/10.3.1/../../../../arm-none-eabi/lib/thumb/v6-m/nofp/libc_nano.a(lib_a-init.o)
 .ARM.attributes
                0x0000000000000383       0x2c /usr/share/gcc-arm-none-eabi-10.3-2021.10/bin/../lib/gcc/arm-none-eabi/10.3.1/../../../../arm-none-eabi/lib/thumb/v6-m/nofp/libc_nano.a(lib_a-memcpy-stub.o)
 .ARM.attributes
                0x00000000000003af       0x2c /usr/share/gcc-arm-none-eabi-10.3-2021.10/bin/../lib/gcc/arm-none-eabi/10.3.1/../../../../arm-none-eabi/lib/thumb/v6-m/nofp/libc_nano.a(lib_a-memset.o)
 .ARM.attributes
                0x00000000000003db       0x2c /usr/share/gcc-arm-none-eabi-10.3-2021.10/bin/../lib/gcc/arm-none-eabi/10.3.1/../../../../arm-none-eabi/lib/thumb/v6-m/nofp/libc_nano.a(lib_a-findfp.o)
 .ARM.attributes
                0x0000000000000407       0x2c /usr/share/gcc-arm-none-eabi-10.3-2021.10/bin/../lib/gcc/arm-none-eabi/10.3.1/../../../../arm-none-eabi/lib/thumb/v6-m/nofp/libm.a(lib_a-s_atan.o)
 .ARM.attributes
                0x0000000000000433       0x2c /usr/share/gcc-arm-none-eabi-10.3-2021.10/bin/../lib/gcc/arm-none-eabi/10.3.1/../../../../arm-none-eabi/lib/thumb/v6-m/nofp/libm.a(lib_a-s_cos.o)
 .ARM.attributes
                0x000000000000045f       0x2c /usr/share/gcc-arm-none-eabi-10.3-2021.10/bin/../lib/gcc/arm-none-eabi/10.3.1/../../../../arm-none-eabi/lib/thumb/v6-m/nofp/libm.a(lib_a-s_fabs.o)
 .ARM.attributes
                0x000000000000048b       0x2c /usr/share/gcc-arm-none-eabi-10.3-2021.10/bin/../lib/gcc/arm-none-eabi/10.3.1/../../../../arm-none-eabi/lib/thumb/v6-m/nofp/libm.a(lib_a-s_sin.o)
 .ARM.attributes
                0x00000000000004b7       0x2c /usr/share/gcc-arm-none-eabi-10.3-2021.10/bin/../lib/gcc/arm-none-eabi/10.3.1/../../../../arm-none-eabi/lib/thumb/v6-m/nofp/libm.a(lib_a-w_acos.o)
 .ARM.attributes
                0x00000000000004e3       0x2c /usr/share/gcc-arm-none-eabi-10.3-2021.10/bin/../lib/gcc/arm-none-eabi/10.3.1/../../../../arm-none-eabi/lib/thumb/v6-m/nofp/libm.a(lib_a-w_asin.o)
 .ARM.attributes
                0x000000000000050f       0x2c /usr/share/gcc-arm-none-eabi-10.3-2021.10/bin/../lib/gcc/arm-none-eabi/10.3.1/../../../../arm-none-eabi/lib/thumb/v6-m/nofp/libm.a(lib_a-e_acos.o)
 .ARM.attributes
                0x000000000000053b       0x2c /usr/share/gcc-arm-none-eabi-10.3-2021.10/bin/../lib/gcc/arm-none-eabi/10.3.1/../../../../arm-none-eabi/lib/thumb/v6-m/nofp/libm.a(lib_a-e_asin.o)
 .ARM.attributes
                0x0000000000000567       0x2c /usr/share/gcc-arm-none-eabi-10.3-2021.10/bin/../lib/gcc/arm-none-eabi/10.3.1/../../../../arm-none-eabi/lib/thumb/v6-m/nofp/libm.a(lib_a-e_rem_pio2.o)
 .ARM.attributes
                0x0000000000000593       0x2c /usr/share/gcc-arm-none-eabi-10.3-2021.10/bin/../lib/gcc/arm-none-eabi/10.3.1/../../../../arm-none-eabi/lib/thumb/v6-m/nofp/libm.a(lib_a-e_sqrt.o)
 .ARM.attributes
                0x00000000000005bf       0x2c /usr/share/gcc-arm-none-eabi-10.3-2021.10/bin/../lib/gcc/arm-none-eabi/10.3.1/../../../../arm-none-eabi/lib/thumb/v6-m/nofp/libm.a(lib_a-k_cos.o)
 .ARM.attributes
                0x00000000000005eb       0x2c /usr/share/gcc-arm-none-eabi-10.3-2021.10/bin/../lib/gcc/arm-none-eabi/10.3.1/../../../../arm-none-eabi/lib/thumb/v6-m/nofp/libm.a(lib_a-k_rem_pio2.o)
 .ARM.attributes
                0x0000000000000617       0x2c /usr/share/gcc-arm-none-eabi-10.3-2021.10/bin/../lib/gcc/arm-none-eabi/10.3.1/../../../../arm-none-eabi/lib/thumb/v6-m/nofp/libm.a(lib_a-k_sin.o)
 .ARM.attributes
                0x0000000000000643       0x2c /usr/share/gcc-arm-none-eabi-10.3-2021.10/bin/../lib/gcc/arm-none-eabi/10.3.1/../../../../arm-none-eabi/lib/thumb/v6-m/nofp/libm.a(lib_a-s_floor.o)
 .ARM.attributes
                0x000000000000066f       0x2c /usr/share/gcc-arm-none-eabi-10.3-2021.10/bin/../lib/gcc/arm-none-eabi/10.3.1/../../../../arm-none-eabi/lib/thumb/v6-m/nofp/libm.a(lib_a-s_nan.o)
 .ARM.attributes
                0x000000000000069b       0x2c /usr/share/gcc-arm-none-eabi-10.3-2021.10/bin/../lib/gcc/arm-none-eabi/10.3.1/../../../../arm-none-eabi/lib/thumb/v6-m/nofp/libm.a(lib_a-s_scalbn.o)
 .ARM.attributes
                0x00000000000006c7       0x1e /usr/share/gcc-arm-none-eabi-10.3-2021.10/bin/../lib/gcc/arm-none-eabi/10.3.1/thumb/v6-m/nofp/libgcc.a(_udivsi3.o)
 .ARM.attributes
                0x00000000000006e5       0x1e /usr/share/gcc-arm-none-eabi-10.3-2021.10/bin/../lib/gcc/arm-none-eabi/10.3.1/thumb/v6-m/nofp/libgcc.a(_divsi3.o)
 .ARM.attributes
                0x0000000000000703       0x1e /usr/share/gcc-arm-none-eabi-10.3-2021.10/bin/../lib/gcc/arm-none-eabi/10.3.1/thumb/v6-m/nofp/libgcc.a(_dvmd_tls.o)
 .ARM.attributes
                0x0000000000000721       0x1e /usr/share/gcc-arm-none-eabi-10.3-2021.10/bin/../lib/gcc/arm-none-eabi/10.3.1/thumb/v6-m/nofp/libgcc.a(_arm_cmpdf2.o)
 .ARM.attributes
                0x000000000000073f       0x1e /usr/share/gcc-arm-none-eabi-10.3-2021.10/bin/../lib/gcc/arm-none-eabi/10.3.1/thumb/v6-m/nofp/libgcc.a(_aeabi_uldivmod.o)
 .ARM.attributes
                0x000000000000075d       0x2c /usr/share/gcc-arm-none-eabi-10.3-2021.10/bin/../lib/gcc/arm-none-eabi/10.3.1/thumb/v6-m/nofp/libgcc.a(_fixunsdfsi.o)
 .ARM.attributes
                0x0000000000000789       0x2c /usr/share/gcc-arm-none-eabi-10.3-2021.10/bin/../lib/gcc/arm-none-eabi/10.3.1/thumb/v6-m/nofp/libgcc.a(_floatundidf.o)
 .ARM.attributes
                0x00000000000007b5       0x2c /usr/share/gcc-arm-none-eabi-10.3-2021.10/bin/../lib/gcc/arm-none-eabi/10.3.1/thumb/v6-m/nofp/libgcc.a(_udivmoddi4.o)
 .ARM.attributes
                0x00000000000007e1       0x2c /usr/share/gcc-arm-none-eabi-10.3-2021.10/bin/../lib/gcc/arm-none-eabi/10.3.1/thumb/v6-m/nofp/libgcc.a(adddf3.o)
 .ARM.attributes
                0x000000000000080d       0x2c /usr/share/gcc-arm-none-eabi-10.3-2021.10/bin/../lib/gcc/arm-none-eabi/10.3.1/thumb/v6-m/nofp/libgcc.a(divdf3.o)
 .ARM.attributes
                0x0000000000000839       0x2c /usr/share/gcc-arm-none-eabi-10.3-2021.10/bin/../lib/gcc/arm-none-eabi/10.3.1/thumb/v6-m/nofp/libgcc.a(eqdf2.o)
 .ARM.attributes
                0x0000000000000865       0x2c /usr/share/gcc-arm-none-eabi-10.3-2021.10/bin/../lib/gcc/arm-none-eabi/10.3.1/thumb/v6-m/nofp/libgcc.a(gedf2.o)
 .ARM.attributes
                0x0000000000000891       0x2c /usr/share/gcc-arm-none-eabi-10.3-2021.10/bin/../lib/gcc/arm-none-eabi/10.3.1/thumb/v6-m/nofp/libgcc.a(ledf2.o)
 .ARM.attributes
                0x00000000000008bd       0x2c /usr/share/gcc-arm-none-eabi-10.3-2021.10/bin/../lib/gcc/arm-none-eabi/10.3.1/thumb/v6-m/nofp/libgcc.a(muldf3.o)
 .ARM.attributes
                0x00000000000008e9       0x2c /usr/share/gcc-arm-none-eabi-10.3-2021.10/bin/../lib/gcc/arm-none-eabi/10.3.1/thumb/v6-m/nofp/libgcc.a(subdf3.o)
 .ARM.attributes
                0x0000000000000915       0x2c /usr/share/gcc-arm-none-eabi-10.3-2021.10/bin/../lib/gcc/arm-none-eabi/10.3.1/thumb/v6-m/nofp/libgcc.a(unorddf2.o)
 .ARM.attributes
                0x0000000000000941       0x2c /usr/share/gcc-arm-none-eabi-10.3-2021.10/bin/../lib/gcc/arm-none-eabi/10.3.1/thumb/v6-m/nofp/libgcc.a(fixdfsi.o)
 .ARM.attributes
                0x000000000000096d       0x2c /usr/share/gcc-arm-none-eabi-10.3-2021.10/bin/../lib/gcc/arm-none-eabi/10.3.1/thumb/v6-m/nofp/libgcc.a(floatsidf.o)
 .ARM.attributes
                0x0000000000000999       0x2c /usr/share/gcc-arm-none-eabi-10.3-2021.10/bin/../lib/gcc/arm-none-eabi/10.3.1/thumb/v6-m/nofp/libgcc.a(floatunsidf.o)
 .ARM.attributes
                0x00000000000009c5       0x1e /usr/share/gcc-arm-none-eabi-10.3-2021.10/bin/../lib/gcc/arm-none-eabi/10.3.1/thumb/v6-m/nofp/libgcc.a(_clzsi2.o)
 .ARM.attributes
                0x00000000000009e3       0x1e /usr/share/gcc-arm-none-eabi-10.3-2021.10/bin/../lib/gcc/arm-none-eabi/10.3.1/thumb/v6-m/nofp/libgcc.a(_clzdi2.o)
 .ARM.attributes
                0x0000000000000a01       0x2c /usr/share/gcc-arm-none-eabi-10.3-2021.10/bin/../lib/gcc/arm-none-eabi/10.3.1/../../../../arm-none-eabi/lib/thumb/v6-m/nofp/libc_nano.a(lib_a-errno.o)
 .ARM.attributes
                0x0000000000000a2d       0x1e /usr/share/gcc-arm-none-eabi-10.3-2021.10/bin/../lib/gcc/arm-none-eabi/10.3.1/thumb/v6-m/nofp/crtn.o
OUTPUT(build/cam_stab.elf elf32-littlearm)
LOAD linker stubs
LOAD /usr/share/gcc-arm-none-eabi-10.3-2021.10/bin/../lib/gcc/arm-none-eabi/10.3.1/../../../../arm-none-eabi/lib/thumb/v6-m/nofp/libc.a
LOAD /usr/share/gcc-arm-none-eabi-10.3-2021.10/bin/../lib/gcc/arm-none-eabi/10.3.1/../../../../arm-none-eabi/lib/thumb/v6-m/nofp/libm.a
LOAD /usr/share/gcc-arm-none-eabi-10.3-2021.10/bin/../lib/gcc/arm-none-eabi/10.3.1/thumb/v6-m/nofp/libgcc.a

.debug_info     0x0000000000000000    0x129ab
 .debug_info    0x0000000000000000     0x1a82 build/main.o
 .debug_info    0x0000000000001a82     0x10a7 build/stm32f0xx_it.o
 .debug_info    0x0000000000002b29      0xf19 build/stm32f0xx_hal_msp.o
 .debug_info    0x0000000000003a42     0x415a build/stm32f0xx_hal_i2c.o
 .debug_info    0x0000000000007b9c      0x975 build/stm32f0xx_hal_i2c_ex.o
 .debug_info    0x0000000000008511      0xb3a build/stm32f0xx_hal_rcc.o
 .debug_info    0x000000000000904b      0x42c build/stm32f0xx_hal_rcc_ex.o
 .debug_info    0x0000000000009477      0x80b build/stm32f0xx_hal.o
 .debug_info    0x0000000000009c82      0x6d3 build/stm32f0xx_hal_gpio.o
 .debug_info    0x000000000000a355      0x8c4 build/stm32f0xx_hal_cortex.o
 .debug_info    0x000000000000ac19     0x3fd4 build/stm32f0xx_hal_tim.o
 .debug_info    0x000000000000ebed     0x1baa build/stm32f0xx_hal_tim_ex.o
 .debug_info    0x0000000000010797      0x2bc build/system_stm32f0xx.o
 .debug_info    0x0000000000010a53      0x966 build/giro_driver.o
 .debug_info    0x00000000000113b9      0x894 build/servo.o
 .debug_info    0x0000000000011c4d      0xd3c build/quaternion_lib.o
 .debug_info    0x0000000000012989       0x22 build/startup_stm32f051x8.o

.debug_abbrev   0x0000000000000000     0x2333
 .debug_abbrev  0x0000000000000000      0x372 build/main.o
 .debug_abbrev  0x0000000000000372      0x293 build/stm32f0xx_it.o
 .debug_abbrev  0x0000000000000605      0x1fc build/stm32f0xx_hal_msp.o
 .debug_abbrev  0x0000000000000801      0x2ba build/stm32f0xx_hal_i2c.o
 .debug_abbrev  0x0000000000000abb      0x1c6 build/stm32f0xx_hal_i2c_ex.o
 .debug_abbrev  0x0000000000000c81      0x280 build/stm32f0xx_hal_rcc.o
 .debug_abbrev  0x0000000000000f01      0x1ab build/stm32f0xx_hal_rcc_ex.o
 .debug_abbrev  0x00000000000010ac      0x249 build/stm32f0xx_hal.o
 .debug_abbrev  0x00000000000012f5      0x222 build/stm32f0xx_hal_gpio.o
 .debug_abbrev  0x0000000000001517      0x2ab build/stm32f0xx_hal_cortex.o
 .debug_abbrev  0x00000000000017c2      0x2a7 build/stm32f0xx_hal_tim.o
 .debug_abbrev  0x0000000000001a69      0x28f build/stm32f0xx_hal_tim_ex.o
 .debug_abbrev  0x0000000000001cf8      0x134 build/system_stm32f0xx.o
 .debug_abbrev  0x0000000000001e2c      0x1d3 build/giro_driver.o
 .debug_abbrev  0x0000000000001fff      0x195 build/servo.o
 .debug_abbrev  0x0000000000002194      0x18d build/quaternion_lib.o
 .debug_abbrev  0x0000000000002321       0x12 build/startup_stm32f051x8.o

.debug_loc      0x0000000000000000    0x103b4
 .debug_loc     0x0000000000000000      0x21c build/main.o
 .debug_loc     0x000000000000021c      0x170 build/stm32f0xx_it.o
 .debug_loc     0x000000000000038c      0x1d7 build/stm32f0xx_hal_msp.o
 .debug_loc     0x0000000000000563     0x53e7 build/stm32f0xx_hal_i2c.o
 .debug_loc     0x000000000000594a      0x2d0 build/stm32f0xx_hal_i2c_ex.o
 .debug_loc     0x0000000000005c1a      0x72b build/stm32f0xx_hal_rcc.o
 .debug_loc     0x0000000000006345      0x451 build/stm32f0xx_hal_rcc_ex.o
 .debug_loc     0x0000000000006796      0x1e1 build/stm32f0xx_hal.o
 .debug_loc     0x0000000000006977      0x420 build/stm32f0xx_hal_gpio.o
 .debug_loc     0x0000000000006d97      0x473 build/stm32f0xx_hal_cortex.o
 .debug_loc     0x000000000000720a     0x601f build/stm32f0xx_hal_tim.o
 .debug_loc     0x000000000000d229     0x2698 build/stm32f0xx_hal_tim_ex.o
 .debug_loc     0x000000000000f8c1      0x187 build/system_stm32f0xx.o
 .debug_loc     0x000000000000fa48       0xb0 build/giro_driver.o
 .debug_loc     0x000000000000faf8      0x262 build/servo.o
 .debug_loc     0x000000000000fd5a      0x65a build/quaternion_lib.o

.debug_aranges  0x0000000000000000      0xc68
 .debug_aranges
                0x0000000000000000       0x50 build/main.o
 .debug_aranges
                0x0000000000000050       0x48 build/stm32f0xx_it.o
 .debug_aranges
                0x0000000000000098       0x48 build/stm32f0xx_hal_msp.o
 .debug_aranges
                0x00000000000000e0      0x290 build/stm32f0xx_hal_i2c.o
 .debug_aranges
                0x0000000000000370       0x48 build/stm32f0xx_hal_i2c_ex.o
 .debug_aranges
                0x00000000000003b8       0x80 build/stm32f0xx_hal_rcc.o
 .debug_aranges
                0x0000000000000438       0x30 build/stm32f0xx_hal_rcc_ex.o
 .debug_aranges
                0x0000000000000468       0xd0 build/stm32f0xx_hal.o
 .debug_aranges
                0x0000000000000538       0x58 build/stm32f0xx_hal_gpio.o
 .debug_aranges
                0x0000000000000590       0x78 build/stm32f0xx_hal_cortex.o
 .debug_aranges
                0x0000000000000608      0x3d0 build/stm32f0xx_hal_tim.o
 .debug_aranges
                0x00000000000009d8      0x168 build/stm32f0xx_hal_tim_ex.o
 .debug_aranges
                0x0000000000000b40       0x28 build/system_stm32f0xx.o
 .debug_aranges
                0x0000000000000b68       0x28 build/giro_driver.o
 .debug_aranges
                0x0000000000000b90       0x28 build/servo.o
 .debug_aranges
                0x0000000000000bb8       0x88 build/quaternion_lib.o
 .debug_aranges
                0x0000000000000c40       0x28 build/startup_stm32f051x8.o

.debug_ranges   0x0000000000000000      0xbf0
 .debug_ranges  0x0000000000000000       0x40 build/main.o
 .debug_ranges  0x0000000000000040       0x38 build/stm32f0xx_it.o
 .debug_ranges  0x0000000000000078       0x38 build/stm32f0xx_hal_msp.o
 .debug_ranges  0x00000000000000b0      0x280 build/stm32f0xx_hal_i2c.o
 .debug_ranges  0x0000000000000330       0x38 build/stm32f0xx_hal_i2c_ex.o
 .debug_ranges  0x0000000000000368       0x88 build/stm32f0xx_hal_rcc.o
 .debug_ranges  0x00000000000003f0       0x38 build/stm32f0xx_hal_rcc_ex.o
 .debug_ranges  0x0000000000000428       0xc0 build/stm32f0xx_hal.o
 .debug_ranges  0x00000000000004e8       0x48 build/stm32f0xx_hal_gpio.o
 .debug_ranges  0x0000000000000530       0xc8 build/stm32f0xx_hal_cortex.o
 .debug_ranges  0x00000000000005f8      0x3c0 build/stm32f0xx_hal_tim.o
 .debug_ranges  0x00000000000009b8      0x158 build/stm32f0xx_hal_tim_ex.o
 .debug_ranges  0x0000000000000b10       0x18 build/system_stm32f0xx.o
 .debug_ranges  0x0000000000000b28       0x18 build/giro_driver.o
 .debug_ranges  0x0000000000000b40       0x18 build/servo.o
 .debug_ranges  0x0000000000000b58       0x78 build/quaternion_lib.o
 .debug_ranges  0x0000000000000bd0       0x20 build/startup_stm32f051x8.o

.debug_line     0x0000000000000000     0xf0b5
 .debug_line    0x0000000000000000      0x7b4 build/main.o
 .debug_line    0x00000000000007b4      0x4db build/stm32f0xx_it.o
 .debug_line    0x0000000000000c8f      0x38b build/stm32f0xx_hal_msp.o
 .debug_line    0x000000000000101a     0x48fd build/stm32f0xx_hal_i2c.o
 .debug_line    0x0000000000005917      0x4ad build/stm32f0xx_hal_i2c_ex.o
 .debug_line    0x0000000000005dc4      0xb3e build/stm32f0xx_hal_rcc.o
 .debug_line    0x0000000000006902      0x4d8 build/stm32f0xx_hal_rcc_ex.o
 .debug_line    0x0000000000006dda      0x4e2 build/stm32f0xx_hal.o
 .debug_line    0x00000000000072bc      0x63b build/stm32f0xx_hal_gpio.o
 .debug_line    0x00000000000078f7      0x4ee build/stm32f0xx_hal_cortex.o
 .debug_line    0x0000000000007de5     0x4a6f build/stm32f0xx_hal_tim.o
 .debug_line    0x000000000000c854     0x1bbf build/stm32f0xx_hal_tim_ex.o
 .debug_line    0x000000000000e413      0x201 build/system_stm32f0xx.o
 .debug_line    0x000000000000e614      0x256 build/giro_driver.o
 .debug_line    0x000000000000e86a      0x275 build/servo.o
 .debug_line    0x000000000000eadf      0x55f build/quaternion_lib.o
 .debug_line    0x000000000000f03e       0x77 build/startup_stm32f051x8.o

.debug_str      0x0000000000000000     0x3a83
 .debug_str     0x0000000000000000     0x10aa build/main.o
                                       0x11be (size before relaxing)
 .debug_str     0x00000000000010aa      0x1ad build/stm32f0xx_it.o
                                        0xbba (size before relaxing)
 .debug_str     0x0000000000001257       0x98 build/stm32f0xx_hal_msp.o
                                        0xabb (size before relaxing)
 .debug_str     0x00000000000012ef      0x8b8 build/stm32f0xx_hal_i2c.o
                                        0xf73 (size before relaxing)
 .debug_str     0x0000000000001ba7       0xda build/stm32f0xx_hal_i2c_ex.o
                                        0x7d9 (size before relaxing)
 .debug_str     0x0000000000001c81      0x22a build/stm32f0xx_hal_rcc.o
                                        0x659 (size before relaxing)
 .debug_str     0x0000000000001eab       0x94 build/stm32f0xx_hal_rcc_ex.o
                                        0x3c2 (size before relaxing)
 .debug_str     0x0000000000001f3f      0x23e build/stm32f0xx_hal.o
                                        0x6d0 (size before relaxing)
 .debug_str     0x000000000000217d      0x106 build/stm32f0xx_hal_gpio.o
                                        0x3f8 (size before relaxing)
 .debug_str     0x0000000000002283      0x27f build/stm32f0xx_hal_cortex.o
                                        0x61b (size before relaxing)
 .debug_str     0x0000000000002502      0xe4f build/stm32f0xx_hal_tim.o
                                       0x1637 (size before relaxing)
 .debug_str     0x0000000000003351      0x46f build/stm32f0xx_hal_tim_ex.o
                                        0xe38 (size before relaxing)
 .debug_str     0x00000000000037c0       0x5c build/system_stm32f0xx.o
                                        0x275 (size before relaxing)
 .debug_str     0x000000000000381c       0x7d build/giro_driver.o
                                        0x72c (size before relaxing)
 .debug_str     0x0000000000003899       0x57 build/servo.o
                                        0x6d6 (size before relaxing)
 .debug_str     0x00000000000038f0      0x16f build/quaternion_lib.o
                                        0x391 (size before relaxing)
 .debug_str     0x0000000000003a5f       0x24 build/startup_stm32f051x8.o
                                         0x6a (size before relaxing)

.comment        0x0000000000000000       0x49
 .comment       0x0000000000000000       0x49 build/main.o
                                         0x4a (size before relaxing)
 .comment       0x0000000000000049       0x4a build/stm32f0xx_it.o
 .comment       0x0000000000000049       0x4a build/stm32f0xx_hal_msp.o
 .comment       0x0000000000000049       0x4a build/stm32f0xx_hal_i2c.o
 .comment       0x0000000000000049       0x4a build/stm32f0xx_hal_i2c_ex.o
 .comment       0x0000000000000049       0x4a build/stm32f0xx_hal_rcc.o
 .comment       0x0000000000000049       0x4a build/stm32f0xx_hal_rcc_ex.o
 .comment       0x0000000000000049       0x4a build/stm32f0xx_hal.o
 .comment       0x0000000000000049       0x4a build/stm32f0xx_hal_gpio.o
 .comment       0x0000000000000049       0x4a build/stm32f0xx_hal_cortex.o
 .comment       0x0000000000000049       0x4a build/stm32f0xx_hal_tim.o
 .comment       0x0000000000000049       0x4a build/stm32f0xx_hal_tim_ex.o
 .comment       0x0000000000000049       0x4a build/system_stm32f0xx.o
 .comment       0x0000000000000049       0x4a build/giro_driver.o
 .comment       0x0000000000000049       0x4a build/servo.o
 .comment       0x0000000000000049       0x4a build/quaternion_lib.o

.debug_frame    0x0000000000000000     0x29b4
 .debug_frame   0x0000000000000000       0xbc build/main.o
 .debug_frame   0x00000000000000bc       0x8c build/stm32f0xx_it.o
 .debug_frame   0x0000000000000148       0x98 build/stm32f0xx_hal_msp.o
 .debug_frame   0x00000000000001e0      0x860 build/stm32f0xx_hal_i2c.o
 .debug_frame   0x0000000000000a40       0xb0 build/stm32f0xx_hal_i2c_ex.o
 .debug_frame   0x0000000000000af0      0x138 build/stm32f0xx_hal_rcc.o
 .debug_frame   0x0000000000000c28       0x58 build/stm32f0xx_hal_rcc_ex.o
 .debug_frame   0x0000000000000c80      0x1ac build/stm32f0xx_hal.o
 .debug_frame   0x0000000000000e2c       0xc0 build/stm32f0xx_hal_gpio.o
 .debug_frame   0x0000000000000eec       0xe4 build/stm32f0xx_hal_cortex.o
 .debug_frame   0x0000000000000fd0      0xae0 build/stm32f0xx_hal_tim.o
 .debug_frame   0x0000000000001ab0      0x420 build/stm32f0xx_hal_tim_ex.o
 .debug_frame   0x0000000000001ed0       0x38 build/system_stm32f0xx.o
 .debug_frame   0x0000000000001f08       0x54 build/giro_driver.o
 .debug_frame   0x0000000000001f5c       0x48 build/servo.o
 .debug_frame   0x0000000000001fa4      0x1d8 build/quaternion_lib.o
 .debug_frame   0x000000000000217c       0x2c /usr/share/gcc-arm-none-eabi-10.3-2021.10/bin/../lib/gcc/arm-none-eabi/10.3.1/../../../../arm-none-eabi/lib/thumb/v6-m/nofp/libc_nano.a(lib_a-init.o)
 .debug_frame   0x00000000000021a8       0x28 /usr/share/gcc-arm-none-eabi-10.3-2021.10/bin/../lib/gcc/arm-none-eabi/10.3.1/../../../../arm-none-eabi/lib/thumb/v6-m/nofp/libc_nano.a(lib_a-memcpy-stub.o)
 .debug_frame   0x00000000000021d0       0x20 /usr/share/gcc-arm-none-eabi-10.3-2021.10/bin/../lib/gcc/arm-none-eabi/10.3.1/../../../../arm-none-eabi/lib/thumb/v6-m/nofp/libc_nano.a(lib_a-memset.o)
 .debug_frame   0x00000000000021f0      0x170 /usr/share/gcc-arm-none-eabi-10.3-2021.10/bin/../lib/gcc/arm-none-eabi/10.3.1/../../../../arm-none-eabi/lib/thumb/v6-m/nofp/libc_nano.a(lib_a-findfp.o)
 .debug_frame   0x0000000000002360       0x3c /usr/share/gcc-arm-none-eabi-10.3-2021.10/bin/../lib/gcc/arm-none-eabi/10.3.1/../../../../arm-none-eabi/lib/thumb/v6-m/nofp/libm.a(lib_a-s_atan.o)
 .debug_frame   0x000000000000239c       0x30 /usr/share/gcc-arm-none-eabi-10.3-2021.10/bin/../lib/gcc/arm-none-eabi/10.3.1/../../../../arm-none-eabi/lib/thumb/v6-m/nofp/libm.a(lib_a-s_cos.o)
 .debug_frame   0x00000000000023cc       0x20 /usr/share/gcc-arm-none-eabi-10.3-2021.10/bin/../lib/gcc/arm-none-eabi/10.3.1/../../../../arm-none-eabi/lib/thumb/v6-m/nofp/libm.a(lib_a-s_fabs.o)
 .debug_frame   0x00000000000023ec       0x30 /usr/share/gcc-arm-none-eabi-10.3-2021.10/bin/../lib/gcc/arm-none-eabi/10.3.1/../../../../arm-none-eabi/lib/thumb/v6-m/nofp/libm.a(lib_a-s_sin.o)
 .debug_frame   0x000000000000241c       0x30 /usr/share/gcc-arm-none-eabi-10.3-2021.10/bin/../lib/gcc/arm-none-eabi/10.3.1/../../../../arm-none-eabi/lib/thumb/v6-m/nofp/libm.a(lib_a-w_acos.o)
 .debug_frame   0x000000000000244c       0x30 /usr/share/gcc-arm-none-eabi-10.3-2021.10/bin/../lib/gcc/arm-none-eabi/10.3.1/../../../../arm-none-eabi/lib/thumb/v6-m/nofp/libm.a(lib_a-w_asin.o)
 .debug_frame   0x000000000000247c       0x30 /usr/share/gcc-arm-none-eabi-10.3-2021.10/bin/../lib/gcc/arm-none-eabi/10.3.1/../../../../arm-none-eabi/lib/thumb/v6-m/nofp/libm.a(lib_a-e_acos.o)
 .debug_frame   0x00000000000024ac       0x38 /usr/share/gcc-arm-none-eabi-10.3-2021.10/bin/../lib/gcc/arm-none-eabi/10.3.1/../../../../arm-none-eabi/lib/thumb/v6-m/nofp/libm.a(lib_a-e_asin.o)
 .debug_frame   0x00000000000024e4       0x3c /usr/share/gcc-arm-none-eabi-10.3-2021.10/bin/../lib/gcc/arm-none-eabi/10.3.1/../../../../arm-none-eabi/lib/thumb/v6-m/nofp/libm.a(lib_a-e_rem_pio2.o)
 .debug_frame   0x0000000000002520       0x38 /usr/share/gcc-arm-none-eabi-10.3-2021.10/bin/../lib/gcc/arm-none-eabi/10.3.1/../../../../arm-none-eabi/lib/thumb/v6-m/nofp/libm.a(lib_a-e_sqrt.o)
 .debug_frame   0x0000000000002558       0x38 /usr/share/gcc-arm-none-eabi-10.3-2021.10/bin/../lib/gcc/arm-none-eabi/10.3.1/../../../../arm-none-eabi/lib/thumb/v6-m/nofp/libm.a(lib_a-k_cos.o)
 .debug_frame   0x0000000000002590       0x3c /usr/share/gcc-arm-none-eabi-10.3-2021.10/bin/../lib/gcc/arm-none-eabi/10.3.1/../../../../arm-none-eabi/lib/thumb/v6-m/nofp/libm.a(lib_a-k_rem_pio2.o)
 .debug_frame   0x00000000000025cc       0x38 /usr/share/gcc-arm-none-eabi-10.3-2021.10/bin/../lib/gcc/arm-none-eabi/10.3.1/../../../../arm-none-eabi/lib/thumb/v6-m/nofp/libm.a(lib_a-k_sin.o)
 .debug_frame   0x0000000000002604       0x38 /usr/share/gcc-arm-none-eabi-10.3-2021.10/bin/../lib/gcc/arm-none-eabi/10.3.1/../../../../arm-none-eabi/lib/thumb/v6-m/nofp/libm.a(lib_a-s_floor.o)
 .debug_frame   0x000000000000263c       0x20 /usr/share/gcc-arm-none-eabi-10.3-2021.10/bin/../lib/gcc/arm-none-eabi/10.3.1/../../../../arm-none-eabi/lib/thumb/v6-m/nofp/libm.a(lib_a-s_nan.o)
 .debug_frame   0x000000000000265c       0x2c /usr/share/gcc-arm-none-eabi-10.3-2021.10/bin/../lib/gcc/arm-none-eabi/10.3.1/../../../../arm-none-eabi/lib/thumb/v6-m/nofp/libm.a(lib_a-s_scalbn.o)
 .debug_frame   0x0000000000002688       0x20 /usr/share/gcc-arm-none-eabi-10.3-2021.10/bin/../lib/gcc/arm-none-eabi/10.3.1/thumb/v6-m/nofp/libgcc.a(_udivsi3.o)
 .debug_frame   0x00000000000026a8       0x20 /usr/share/gcc-arm-none-eabi-10.3-2021.10/bin/../lib/gcc/arm-none-eabi/10.3.1/thumb/v6-m/nofp/libgcc.a(_divsi3.o)
 .debug_frame   0x00000000000026c8       0x2c /usr/share/gcc-arm-none-eabi-10.3-2021.10/bin/../lib/gcc/arm-none-eabi/10.3.1/thumb/v6-m/nofp/libgcc.a(_fixunsdfsi.o)
 .debug_frame   0x00000000000026f4       0x2c /usr/share/gcc-arm-none-eabi-10.3-2021.10/bin/../lib/gcc/arm-none-eabi/10.3.1/thumb/v6-m/nofp/libgcc.a(_floatundidf.o)
 .debug_frame   0x0000000000002720       0x3c /usr/share/gcc-arm-none-eabi-10.3-2021.10/bin/../lib/gcc/arm-none-eabi/10.3.1/thumb/v6-m/nofp/libgcc.a(_udivmoddi4.o)
 .debug_frame   0x000000000000275c       0x38 /usr/share/gcc-arm-none-eabi-10.3-2021.10/bin/../lib/gcc/arm-none-eabi/10.3.1/thumb/v6-m/nofp/libgcc.a(adddf3.o)
 .debug_frame   0x0000000000002794       0x3c /usr/share/gcc-arm-none-eabi-10.3-2021.10/bin/../lib/gcc/arm-none-eabi/10.3.1/thumb/v6-m/nofp/libgcc.a(divdf3.o)
 .debug_frame   0x00000000000027d0       0x38 /usr/share/gcc-arm-none-eabi-10.3-2021.10/bin/../lib/gcc/arm-none-eabi/10.3.1/thumb/v6-m/nofp/libgcc.a(eqdf2.o)
 .debug_frame   0x0000000000002808       0x34 /usr/share/gcc-arm-none-eabi-10.3-2021.10/bin/../lib/gcc/arm-none-eabi/10.3.1/thumb/v6-m/nofp/libgcc.a(gedf2.o)
 .debug_frame   0x000000000000283c       0x34 /usr/share/gcc-arm-none-eabi-10.3-2021.10/bin/../lib/gcc/arm-none-eabi/10.3.1/thumb/v6-m/nofp/libgcc.a(ledf2.o)
 .debug_frame   0x0000000000002870       0x3c /usr/share/gcc-arm-none-eabi-10.3-2021.10/bin/../lib/gcc/arm-none-eabi/10.3.1/thumb/v6-m/nofp/libgcc.a(muldf3.o)
 .debug_frame   0x00000000000028ac       0x3c /usr/share/gcc-arm-none-eabi-10.3-2021.10/bin/../lib/gcc/arm-none-eabi/10.3.1/thumb/v6-m/nofp/libgcc.a(subdf3.o)
 .debug_frame   0x00000000000028e8       0x2c /usr/share/gcc-arm-none-eabi-10.3-2021.10/bin/../lib/gcc/arm-none-eabi/10.3.1/thumb/v6-m/nofp/libgcc.a(unorddf2.o)
 .debug_frame   0x0000000000002914       0x2c /usr/share/gcc-arm-none-eabi-10.3-2021.10/bin/../lib/gcc/arm-none-eabi/10.3.1/thumb/v6-m/nofp/libgcc.a(fixdfsi.o)
 .debug_frame   0x0000000000002940       0x2c /usr/share/gcc-arm-none-eabi-10.3-2021.10/bin/../lib/gcc/arm-none-eabi/10.3.1/thumb/v6-m/nofp/libgcc.a(floatsidf.o)
 .debug_frame   0x000000000000296c       0x28 /usr/share/gcc-arm-none-eabi-10.3-2021.10/bin/../lib/gcc/arm-none-eabi/10.3.1/thumb/v6-m/nofp/libgcc.a(floatunsidf.o)
 .debug_frame   0x0000000000002994       0x20 /usr/share/gcc-arm-none-eabi-10.3-2021.10/bin/../lib/gcc/arm-none-eabi/10.3.1/../../../../arm-none-eabi/lib/thumb/v6-m/nofp/libc_nano.a(lib_a-errno.o)

.stabstr        0x0000000000000000      0x14d
 .stabstr       0x0000000000000000      0x14d /usr/share/gcc-arm-none-eabi-10.3-2021.10/bin/../lib/gcc/arm-none-eabi/10.3.1/../../../../arm-none-eabi/lib/thumb/v6-m/nofp/libnosys.a(close.o)

Cross Reference Table

Symbol                                            File
ADC1_COMP_IRQHandler                              build/startup_stm32f051x8.o
AHBPrescTable                                     build/system_stm32f0xx.o
                                                  build/stm32f0xx_ll_utils.o
                                                  build/stm32f0xx_hal_rcc.o
APBPrescTable                                     build/system_stm32f0xx.o
                                                  build/stm32f0xx_hal_rcc.o
CEC_CAN_IRQHandler                                build/startup_stm32f051x8.o
DMA1_Channel1_IRQHandler                          build/startup_stm32f051x8.o
DMA1_Channel2_3_IRQHandler                        build/startup_stm32f051x8.o
DMA1_Channel4_5_IRQHandler                        build/startup_stm32f051x8.o
Default_Handler                                   build/startup_stm32f051x8.o
EXTI0_1_IRQHandler                                build/startup_stm32f051x8.o
EXTI2_3_IRQHandler                                build/stm32f0xx_it.o
EXTI4_15_IRQHandler                               build/startup_stm32f051x8.o
Error_Handler                                     build/main.o
FLASH_IRQHandler                                  build/startup_stm32f051x8.o
FLASH_PageErase                                   build/stm32f0xx_hal_flash_ex.o
                                                  build/stm32f0xx_hal_flash.o
FLASH_WaitForLastOperation                        build/stm32f0xx_hal_flash.o
                                                  build/stm32f0xx_hal_flash_ex.o
HAL_DBGMCU_DisableDBGStandbyMode                  build/stm32f0xx_hal.o
HAL_DBGMCU_DisableDBGStopMode                     build/stm32f0xx_hal.o
HAL_DBGMCU_EnableDBGStandbyMode                   build/stm32f0xx_hal.o
HAL_DBGMCU_EnableDBGStopMode                      build/stm32f0xx_hal.o
HAL_DMA_Abort                                     build/stm32f0xx_hal_dma.o
HAL_DMA_Abort_IT                                  build/stm32f0xx_hal_dma.o
                                                  build/stm32f0xx_hal_tim_ex.o
                                                  build/stm32f0xx_hal_tim.o
                                                  build/stm32f0xx_hal_i2c.o
HAL_DMA_DeInit                                    build/stm32f0xx_hal_dma.o
HAL_DMA_GetError                                  build/stm32f0xx_hal_dma.o
HAL_DMA_GetState                                  build/stm32f0xx_hal_dma.o
                                                  build/stm32f0xx_hal_i2c.o
HAL_DMA_IRQHandler                                build/stm32f0xx_hal_dma.o
HAL_DMA_Init                                      build/stm32f0xx_hal_dma.o
HAL_DMA_PollForTransfer                           build/stm32f0xx_hal_dma.o
HAL_DMA_RegisterCallback                          build/stm32f0xx_hal_dma.o
HAL_DMA_Start                                     build/stm32f0xx_hal_dma.o
HAL_DMA_Start_IT                                  build/stm32f0xx_hal_dma.o
                                                  build/stm32f0xx_hal_tim_ex.o
                                                  build/stm32f0xx_hal_tim.o
                                                  build/stm32f0xx_hal_i2c.o
HAL_DMA_UnRegisterCallback                        build/stm32f0xx_hal_dma.o
HAL_DeInit                                        build/stm32f0xx_hal.o
HAL_Delay                                         build/stm32f0xx_hal.o
HAL_EXTI_ClearConfigLine                          build/stm32f0xx_hal_exti.o
HAL_EXTI_ClearPending                             build/stm32f0xx_hal_exti.o
HAL_EXTI_GenerateSWI                              build/stm32f0xx_hal_exti.o
HAL_EXTI_GetConfigLine                            build/stm32f0xx_hal_exti.o
HAL_EXTI_GetHandle                                build/stm32f0xx_hal_exti.o
HAL_EXTI_GetPending                               build/stm32f0xx_hal_exti.o
HAL_EXTI_IRQHandler                               build/stm32f0xx_hal_exti.o
HAL_EXTI_RegisterCallback                         build/stm32f0xx_hal_exti.o
HAL_EXTI_SetConfigLine                            build/stm32f0xx_hal_exti.o
HAL_FLASHEx_Erase                                 build/stm32f0xx_hal_flash_ex.o
HAL_FLASHEx_Erase_IT                              build/stm32f0xx_hal_flash_ex.o
HAL_FLASHEx_OBErase                               build/stm32f0xx_hal_flash_ex.o
HAL_FLASHEx_OBGetConfig                           build/stm32f0xx_hal_flash_ex.o
HAL_FLASHEx_OBGetUserData                         build/stm32f0xx_hal_flash_ex.o
HAL_FLASHEx_OBProgram                             build/stm32f0xx_hal_flash_ex.o
HAL_FLASH_EndOfOperationCallback                  build/stm32f0xx_hal_flash.o
HAL_FLASH_GetError                                build/stm32f0xx_hal_flash.o
HAL_FLASH_IRQHandler                              build/stm32f0xx_hal_flash.o
HAL_FLASH_Lock                                    build/stm32f0xx_hal_flash.o
HAL_FLASH_OB_Launch                               build/stm32f0xx_hal_flash.o
HAL_FLASH_OB_Lock                                 build/stm32f0xx_hal_flash.o
HAL_FLASH_OB_Unlock                               build/stm32f0xx_hal_flash.o
HAL_FLASH_OperationErrorCallback                  build/stm32f0xx_hal_flash.o
HAL_FLASH_Program                                 build/stm32f0xx_hal_flash.o
HAL_FLASH_Program_IT                              build/stm32f0xx_hal_flash.o
HAL_FLASH_Unlock                                  build/stm32f0xx_hal_flash.o
HAL_GPIO_DeInit                                   build/stm32f0xx_hal_gpio.o
                                                  build/stm32f0xx_hal_msp.o
HAL_GPIO_EXTI_Callback                            build/stm32f0xx_hal_gpio.o
HAL_GPIO_EXTI_IRQHandler                          build/stm32f0xx_hal_gpio.o
                                                  build/stm32f0xx_it.o
HAL_GPIO_Init                                     build/stm32f0xx_hal_gpio.o
                                                  build/stm32f0xx_hal_rcc.o
                                                  build/stm32f0xx_hal_msp.o
                                                  build/main.o
HAL_GPIO_LockPin                                  build/stm32f0xx_hal_gpio.o
HAL_GPIO_ReadPin                                  build/stm32f0xx_hal_gpio.o
HAL_GPIO_TogglePin                                build/stm32f0xx_hal_gpio.o
HAL_GPIO_WritePin                                 build/stm32f0xx_hal_gpio.o
HAL_GetDEVID                                      build/stm32f0xx_hal.o
HAL_GetHalVersion                                 build/stm32f0xx_hal.o
HAL_GetREVID                                      build/stm32f0xx_hal.o
HAL_GetTick                                       build/stm32f0xx_hal.o
                                                  build/stm32f0xx_hal_flash.o
                                                  build/stm32f0xx_hal_dma.o
                                                  build/stm32f0xx_hal_rcc_ex.o
                                                  build/stm32f0xx_hal_rcc.o
                                                  build/stm32f0xx_hal_i2c.o
HAL_GetTickFreq                                   build/stm32f0xx_hal.o
HAL_GetTickPrio                                   build/stm32f0xx_hal.o
HAL_GetUIDw0                                      build/stm32f0xx_hal.o
HAL_GetUIDw1                                      build/stm32f0xx_hal.o
HAL_GetUIDw2                                      build/stm32f0xx_hal.o
HAL_I2CEx_ConfigAnalogFilter                      build/stm32f0xx_hal_i2c_ex.o
                                                  build/main.o
HAL_I2CEx_ConfigDigitalFilter                     build/stm32f0xx_hal_i2c_ex.o
                                                  build/main.o
HAL_I2CEx_DisableFastModePlus                     build/stm32f0xx_hal_i2c_ex.o
HAL_I2CEx_DisableWakeUp                           build/stm32f0xx_hal_i2c_ex.o
HAL_I2CEx_EnableFastModePlus                      build/stm32f0xx_hal_i2c_ex.o
HAL_I2CEx_EnableWakeUp                            build/stm32f0xx_hal_i2c_ex.o
HAL_I2C_AbortCpltCallback                         build/stm32f0xx_hal_i2c.o
HAL_I2C_AddrCallback                              build/stm32f0xx_hal_i2c.o
HAL_I2C_DeInit                                    build/stm32f0xx_hal_i2c.o
HAL_I2C_DisableListen_IT                          build/stm32f0xx_hal_i2c.o
HAL_I2C_ER_IRQHandler                             build/stm32f0xx_hal_i2c.o
HAL_I2C_EV_IRQHandler                             build/stm32f0xx_hal_i2c.o
HAL_I2C_EnableListen_IT                           build/stm32f0xx_hal_i2c.o
HAL_I2C_ErrorCallback                             build/stm32f0xx_hal_i2c.o
HAL_I2C_GetError                                  build/stm32f0xx_hal_i2c.o
HAL_I2C_GetMode                                   build/stm32f0xx_hal_i2c.o
HAL_I2C_GetState                                  build/stm32f0xx_hal_i2c.o
HAL_I2C_Init                                      build/stm32f0xx_hal_i2c.o
                                                  build/main.o
HAL_I2C_IsDeviceReady                             build/stm32f0xx_hal_i2c.o
HAL_I2C_ListenCpltCallback                        build/stm32f0xx_hal_i2c.o
HAL_I2C_MasterRxCpltCallback                      build/stm32f0xx_hal_i2c.o
HAL_I2C_MasterTxCpltCallback                      build/stm32f0xx_hal_i2c.o
HAL_I2C_Master_Abort_IT                           build/stm32f0xx_hal_i2c.o
HAL_I2C_Master_Receive                            build/stm32f0xx_hal_i2c.o
HAL_I2C_Master_Receive_DMA                        build/stm32f0xx_hal_i2c.o
HAL_I2C_Master_Receive_IT                         build/stm32f0xx_hal_i2c.o
HAL_I2C_Master_Seq_Receive_DMA                    build/stm32f0xx_hal_i2c.o
HAL_I2C_Master_Seq_Receive_IT                     build/stm32f0xx_hal_i2c.o
HAL_I2C_Master_Seq_Transmit_DMA                   build/stm32f0xx_hal_i2c.o
HAL_I2C_Master_Seq_Transmit_IT                    build/stm32f0xx_hal_i2c.o
HAL_I2C_Master_Transmit                           build/stm32f0xx_hal_i2c.o
HAL_I2C_Master_Transmit_DMA                       build/stm32f0xx_hal_i2c.o
HAL_I2C_Master_Transmit_IT                        build/stm32f0xx_hal_i2c.o
HAL_I2C_MemRxCpltCallback                         build/stm32f0xx_hal_i2c.o
HAL_I2C_MemTxCpltCallback                         build/stm32f0xx_hal_i2c.o
HAL_I2C_Mem_Read                                  build/stm32f0xx_hal_i2c.o
                                                  build/giro_driver.o
HAL_I2C_Mem_Read_DMA                              build/stm32f0xx_hal_i2c.o
HAL_I2C_Mem_Read_IT                               build/stm32f0xx_hal_i2c.o
HAL_I2C_Mem_Write                                 build/stm32f0xx_hal_i2c.o
                                                  build/giro_driver.o
HAL_I2C_Mem_Write_DMA                             build/stm32f0xx_hal_i2c.o
HAL_I2C_Mem_Write_IT                              build/stm32f0xx_hal_i2c.o
HAL_I2C_MspDeInit                                 build/stm32f0xx_hal_msp.o
HAL_I2C_MspInit                                   build/stm32f0xx_hal_msp.o
HAL_I2C_SlaveRxCpltCallback                       build/stm32f0xx_hal_i2c.o
HAL_I2C_SlaveTxCpltCallback                       build/stm32f0xx_hal_i2c.o
HAL_I2C_Slave_Receive                             build/stm32f0xx_hal_i2c.o
HAL_I2C_Slave_Receive_DMA                         build/stm32f0xx_hal_i2c.o
HAL_I2C_Slave_Receive_IT                          build/stm32f0xx_hal_i2c.o
HAL_I2C_Slave_Seq_Receive_DMA                     build/stm32f0xx_hal_i2c.o
HAL_I2C_Slave_Seq_Receive_IT                      build/stm32f0xx_hal_i2c.o
HAL_I2C_Slave_Seq_Transmit_DMA                    build/stm32f0xx_hal_i2c.o
HAL_I2C_Slave_Seq_Transmit_IT                     build/stm32f0xx_hal_i2c.o
HAL_I2C_Slave_Transmit                            build/stm32f0xx_hal_i2c.o
HAL_I2C_Slave_Transmit_DMA                        build/stm32f0xx_hal_i2c.o
HAL_I2C_Slave_Transmit_IT                         build/stm32f0xx_hal_i2c.o
HAL_IncTick                                       build/stm32f0xx_hal.o
                                                  build/stm32f0xx_it.o
HAL_Init                                          build/stm32f0xx_hal.o
                                                  build/main.o
HAL_InitTick                                      build/stm32f0xx_hal.o
                                                  build/stm32f0xx_hal_rcc.o
HAL_MspDeInit                                     build/stm32f0xx_hal.o
HAL_MspInit                                       build/stm32f0xx_hal_msp.o
HAL_NVIC_ClearPendingIRQ                          build/stm32f0xx_hal_cortex.o
HAL_NVIC_DisableIRQ                               build/stm32f0xx_hal_cortex.o
HAL_NVIC_EnableIRQ                                build/stm32f0xx_hal_cortex.o
                                                  build/main.o
HAL_NVIC_GetPendingIRQ                            build/stm32f0xx_hal_cortex.o
HAL_NVIC_GetPriority                              build/stm32f0xx_hal_cortex.o
HAL_NVIC_SetPendingIRQ                            build/stm32f0xx_hal_cortex.o
HAL_NVIC_SetPriority                              build/stm32f0xx_hal_cortex.o
                                                  build/stm32f0xx_hal.o
                                                  build/main.o
HAL_NVIC_SystemReset                              build/stm32f0xx_hal_cortex.o
HAL_PWR_ConfigPVD                                 build/stm32f0xx_hal_pwr_ex.o
HAL_PWR_DeInit                                    build/stm32f0xx_hal_pwr.o
HAL_PWR_DisableBkUpAccess                         build/stm32f0xx_hal_pwr.o
HAL_PWR_DisablePVD                                build/stm32f0xx_hal_pwr_ex.o
HAL_PWR_DisableSEVOnPend                          build/stm32f0xx_hal_pwr.o
HAL_PWR_DisableSleepOnExit                        build/stm32f0xx_hal_pwr.o
HAL_PWR_DisableWakeUpPin                          build/stm32f0xx_hal_pwr.o
HAL_PWR_EnableBkUpAccess                          build/stm32f0xx_hal_pwr.o
HAL_PWR_EnablePVD                                 build/stm32f0xx_hal_pwr_ex.o
HAL_PWR_EnableSEVOnPend                           build/stm32f0xx_hal_pwr.o
HAL_PWR_EnableSleepOnExit                         build/stm32f0xx_hal_pwr.o
HAL_PWR_EnableWakeUpPin                           build/stm32f0xx_hal_pwr.o
HAL_PWR_EnterSLEEPMode                            build/stm32f0xx_hal_pwr.o
HAL_PWR_EnterSTANDBYMode                          build/stm32f0xx_hal_pwr.o
HAL_PWR_EnterSTOPMode                             build/stm32f0xx_hal_pwr.o
HAL_PWR_PVDCallback                               build/stm32f0xx_hal_pwr_ex.o
HAL_PWR_PVD_IRQHandler                            build/stm32f0xx_hal_pwr_ex.o
HAL_RCCEx_GetPeriphCLKConfig                      build/stm32f0xx_hal_rcc_ex.o
HAL_RCCEx_GetPeriphCLKFreq                        build/stm32f0xx_hal_rcc_ex.o
HAL_RCCEx_PeriphCLKConfig                         build/stm32f0xx_hal_rcc_ex.o
                                                  build/main.o
HAL_RCC_CSSCallback                               build/stm32f0xx_hal_rcc.o
HAL_RCC_ClockConfig                               build/stm32f0xx_hal_rcc.o
                                                  build/main.o
HAL_RCC_DeInit                                    build/stm32f0xx_hal_rcc.o
HAL_RCC_DisableCSS                                build/stm32f0xx_hal_rcc.o
HAL_RCC_EnableCSS                                 build/stm32f0xx_hal_rcc.o
HAL_RCC_GetClockConfig                            build/stm32f0xx_hal_rcc.o
HAL_RCC_GetHCLKFreq                               build/stm32f0xx_hal_rcc.o
HAL_RCC_GetOscConfig                              build/stm32f0xx_hal_rcc.o
HAL_RCC_GetPCLK1Freq                              build/stm32f0xx_hal_rcc.o
                                                  build/stm32f0xx_hal_rcc_ex.o
HAL_RCC_GetSysClockFreq                           build/stm32f0xx_hal_rcc.o
                                                  build/stm32f0xx_hal_rcc_ex.o
HAL_RCC_MCOConfig                                 build/stm32f0xx_hal_rcc.o
HAL_RCC_NMI_IRQHandler                            build/stm32f0xx_hal_rcc.o
HAL_RCC_OscConfig                                 build/stm32f0xx_hal_rcc.o
                                                  build/main.o
HAL_ResumeTick                                    build/stm32f0xx_hal.o
HAL_SYSTICK_CLKSourceConfig                       build/stm32f0xx_hal_cortex.o
HAL_SYSTICK_Callback                              build/stm32f0xx_hal_cortex.o
HAL_SYSTICK_Config                                build/stm32f0xx_hal_cortex.o
                                                  build/stm32f0xx_hal.o
HAL_SYSTICK_IRQHandler                            build/stm32f0xx_hal_cortex.o
HAL_SetTickFreq                                   build/stm32f0xx_hal.o
HAL_SuspendTick                                   build/stm32f0xx_hal.o
HAL_TIMEx_BreakCallback                           build/stm32f0xx_hal_tim_ex.o
                                                  build/stm32f0xx_hal_tim.o
HAL_TIMEx_CommutCallback                          build/stm32f0xx_hal_tim_ex.o
                                                  build/stm32f0xx_hal_tim.o
HAL_TIMEx_CommutHalfCpltCallback                  build/stm32f0xx_hal_tim_ex.o
HAL_TIMEx_ConfigBreakDeadTime                     build/stm32f0xx_hal_tim_ex.o
                                                  build/main.o
HAL_TIMEx_ConfigCommutEvent                       build/stm32f0xx_hal_tim_ex.o
HAL_TIMEx_ConfigCommutEvent_DMA                   build/stm32f0xx_hal_tim_ex.o
HAL_TIMEx_ConfigCommutEvent_IT                    build/stm32f0xx_hal_tim_ex.o
HAL_TIMEx_GetChannelNState                        build/stm32f0xx_hal_tim_ex.o
HAL_TIMEx_HallSensor_DeInit                       build/stm32f0xx_hal_tim_ex.o
HAL_TIMEx_HallSensor_GetState                     build/stm32f0xx_hal_tim_ex.o
HAL_TIMEx_HallSensor_Init                         build/stm32f0xx_hal_tim_ex.o
HAL_TIMEx_HallSensor_MspDeInit                    build/stm32f0xx_hal_tim_ex.o
HAL_TIMEx_HallSensor_MspInit                      build/stm32f0xx_hal_tim_ex.o
HAL_TIMEx_HallSensor_Start                        build/stm32f0xx_hal_tim_ex.o
HAL_TIMEx_HallSensor_Start_DMA                    build/stm32f0xx_hal_tim_ex.o
HAL_TIMEx_HallSensor_Start_IT                     build/stm32f0xx_hal_tim_ex.o
HAL_TIMEx_HallSensor_Stop                         build/stm32f0xx_hal_tim_ex.o
HAL_TIMEx_HallSensor_Stop_DMA                     build/stm32f0xx_hal_tim_ex.o
HAL_TIMEx_HallSensor_Stop_IT                      build/stm32f0xx_hal_tim_ex.o
HAL_TIMEx_MasterConfigSynchronization             build/stm32f0xx_hal_tim_ex.o
                                                  build/main.o
HAL_TIMEx_OCN_Start                               build/stm32f0xx_hal_tim_ex.o
HAL_TIMEx_OCN_Start_DMA                           build/stm32f0xx_hal_tim_ex.o
HAL_TIMEx_OCN_Start_IT                            build/stm32f0xx_hal_tim_ex.o
HAL_TIMEx_OCN_Stop                                build/stm32f0xx_hal_tim_ex.o
HAL_TIMEx_OCN_Stop_DMA                            build/stm32f0xx_hal_tim_ex.o
HAL_TIMEx_OCN_Stop_IT                             build/stm32f0xx_hal_tim_ex.o
HAL_TIMEx_OnePulseN_Start                         build/stm32f0xx_hal_tim_ex.o
HAL_TIMEx_OnePulseN_Start_IT                      build/stm32f0xx_hal_tim_ex.o
HAL_TIMEx_OnePulseN_Stop                          build/stm32f0xx_hal_tim_ex.o
HAL_TIMEx_OnePulseN_Stop_IT                       build/stm32f0xx_hal_tim_ex.o
HAL_TIMEx_PWMN_Start                              build/stm32f0xx_hal_tim_ex.o
HAL_TIMEx_PWMN_Start_DMA                          build/stm32f0xx_hal_tim_ex.o
HAL_TIMEx_PWMN_Start_IT                           build/stm32f0xx_hal_tim_ex.o
HAL_TIMEx_PWMN_Stop                               build/stm32f0xx_hal_tim_ex.o
HAL_TIMEx_PWMN_Stop_DMA                           build/stm32f0xx_hal_tim_ex.o
HAL_TIMEx_PWMN_Stop_IT                            build/stm32f0xx_hal_tim_ex.o
HAL_TIMEx_RemapConfig                             build/stm32f0xx_hal_tim_ex.o
HAL_TIM_Base_DeInit                               build/stm32f0xx_hal_tim.o
HAL_TIM_Base_GetState                             build/stm32f0xx_hal_tim.o
HAL_TIM_Base_Init                                 build/stm32f0xx_hal_tim.o
HAL_TIM_Base_MspDeInit                            build/stm32f0xx_hal_tim.o
HAL_TIM_Base_MspInit                              build/stm32f0xx_hal_tim.o
HAL_TIM_Base_Start                                build/stm32f0xx_hal_tim.o
HAL_TIM_Base_Start_DMA                            build/stm32f0xx_hal_tim.o
HAL_TIM_Base_Start_IT                             build/stm32f0xx_hal_tim.o
HAL_TIM_Base_Stop                                 build/stm32f0xx_hal_tim.o
HAL_TIM_Base_Stop_DMA                             build/stm32f0xx_hal_tim.o
HAL_TIM_Base_Stop_IT                              build/stm32f0xx_hal_tim.o
HAL_TIM_ConfigClockSource                         build/stm32f0xx_hal_tim.o
HAL_TIM_ConfigOCrefClear                          build/stm32f0xx_hal_tim.o
HAL_TIM_ConfigTI1Input                            build/stm32f0xx_hal_tim.o
HAL_TIM_DMABurstState                             build/stm32f0xx_hal_tim.o
HAL_TIM_DMABurst_MultiReadStart                   build/stm32f0xx_hal_tim.o
HAL_TIM_DMABurst_MultiWriteStart                  build/stm32f0xx_hal_tim.o
HAL_TIM_DMABurst_ReadStart                        build/stm32f0xx_hal_tim.o
HAL_TIM_DMABurst_ReadStop                         build/stm32f0xx_hal_tim.o
HAL_TIM_DMABurst_WriteStart                       build/stm32f0xx_hal_tim.o
HAL_TIM_DMABurst_WriteStop                        build/stm32f0xx_hal_tim.o
HAL_TIM_Encoder_DeInit                            build/stm32f0xx_hal_tim.o
HAL_TIM_Encoder_GetState                          build/stm32f0xx_hal_tim.o
HAL_TIM_Encoder_Init                              build/stm32f0xx_hal_tim.o
HAL_TIM_Encoder_MspDeInit                         build/stm32f0xx_hal_tim.o
HAL_TIM_Encoder_MspInit                           build/stm32f0xx_hal_tim.o
HAL_TIM_Encoder_Start                             build/stm32f0xx_hal_tim.o
HAL_TIM_Encoder_Start_DMA                         build/stm32f0xx_hal_tim.o
HAL_TIM_Encoder_Start_IT                          build/stm32f0xx_hal_tim.o
HAL_TIM_Encoder_Stop                              build/stm32f0xx_hal_tim.o
HAL_TIM_Encoder_Stop_DMA                          build/stm32f0xx_hal_tim.o
HAL_TIM_Encoder_Stop_IT                           build/stm32f0xx_hal_tim.o
HAL_TIM_ErrorCallback                             build/stm32f0xx_hal_tim.o
                                                  build/stm32f0xx_hal_tim_ex.o
HAL_TIM_GenerateEvent                             build/stm32f0xx_hal_tim.o
HAL_TIM_GetActiveChannel                          build/stm32f0xx_hal_tim.o
HAL_TIM_GetChannelState                           build/stm32f0xx_hal_tim.o
HAL_TIM_IC_CaptureCallback                        build/stm32f0xx_hal_tim.o
HAL_TIM_IC_CaptureHalfCpltCallback                build/stm32f0xx_hal_tim.o
HAL_TIM_IC_ConfigChannel                          build/stm32f0xx_hal_tim.o
HAL_TIM_IC_DeInit                                 build/stm32f0xx_hal_tim.o
HAL_TIM_IC_GetState                               build/stm32f0xx_hal_tim.o
HAL_TIM_IC_Init                                   build/stm32f0xx_hal_tim.o
HAL_TIM_IC_MspDeInit                              build/stm32f0xx_hal_tim.o
HAL_TIM_IC_MspInit                                build/stm32f0xx_hal_tim.o
HAL_TIM_IC_Start                                  build/stm32f0xx_hal_tim.o
HAL_TIM_IC_Start_DMA                              build/stm32f0xx_hal_tim.o
HAL_TIM_IC_Start_IT                               build/stm32f0xx_hal_tim.o
HAL_TIM_IC_Stop                                   build/stm32f0xx_hal_tim.o
HAL_TIM_IC_Stop_DMA                               build/stm32f0xx_hal_tim.o
HAL_TIM_IC_Stop_IT                                build/stm32f0xx_hal_tim.o
HAL_TIM_IRQHandler                                build/stm32f0xx_hal_tim.o
HAL_TIM_MspPostInit                               build/stm32f0xx_hal_msp.o
                                                  build/main.o
HAL_TIM_OC_ConfigChannel                          build/stm32f0xx_hal_tim.o
HAL_TIM_OC_DeInit                                 build/stm32f0xx_hal_tim.o
HAL_TIM_OC_DelayElapsedCallback                   build/stm32f0xx_hal_tim.o
HAL_TIM_OC_GetState                               build/stm32f0xx_hal_tim.o
HAL_TIM_OC_Init                                   build/stm32f0xx_hal_tim.o
HAL_TIM_OC_MspDeInit                              build/stm32f0xx_hal_tim.o
HAL_TIM_OC_MspInit                                build/stm32f0xx_hal_tim.o
HAL_TIM_OC_Start                                  build/stm32f0xx_hal_tim.o
HAL_TIM_OC_Start_DMA                              build/stm32f0xx_hal_tim.o
HAL_TIM_OC_Start_IT                               build/stm32f0xx_hal_tim.o
HAL_TIM_OC_Stop                                   build/stm32f0xx_hal_tim.o
HAL_TIM_OC_Stop_DMA                               build/stm32f0xx_hal_tim.o
HAL_TIM_OC_Stop_IT                                build/stm32f0xx_hal_tim.o
HAL_TIM_OnePulse_ConfigChannel                    build/stm32f0xx_hal_tim.o
HAL_TIM_OnePulse_DeInit                           build/stm32f0xx_hal_tim.o
HAL_TIM_OnePulse_GetState                         build/stm32f0xx_hal_tim.o
HAL_TIM_OnePulse_Init                             build/stm32f0xx_hal_tim.o
HAL_TIM_OnePulse_MspDeInit                        build/stm32f0xx_hal_tim.o
HAL_TIM_OnePulse_MspInit                          build/stm32f0xx_hal_tim.o
HAL_TIM_OnePulse_Start                            build/stm32f0xx_hal_tim.o
HAL_TIM_OnePulse_Start_IT                         build/stm32f0xx_hal_tim.o
HAL_TIM_OnePulse_Stop                             build/stm32f0xx_hal_tim.o
HAL_TIM_OnePulse_Stop_IT                          build/stm32f0xx_hal_tim.o
HAL_TIM_PWM_ConfigChannel                         build/stm32f0xx_hal_tim.o
                                                  build/main.o
HAL_TIM_PWM_DeInit                                build/stm32f0xx_hal_tim.o
HAL_TIM_PWM_GetState                              build/stm32f0xx_hal_tim.o